Archive member included to satisfy reference by file (symbol)

c:/st/stm32cubeide_1.5.1/stm32cubeide/plugins/com.st.stm32cube.ide.mcu.externaltools.gnu-tools-for-stm32.7-2018-q2-update.win32_1.5.0.202011040924/tools/bin/../lib/gcc/arm-none-eabi/7.3.1/../../../../arm-none-eabi/lib/thumb/v7e-m/fpv4-sp/hard\libc_nano.a(lib_a-errno.o)
                              Core/Src/syscalls.o (__errno)
c:/st/stm32cubeide_1.5.1/stm32cubeide/plugins/com.st.stm32cube.ide.mcu.externaltools.gnu-tools-for-stm32.7-2018-q2-update.win32_1.5.0.202011040924/tools/bin/../lib/gcc/arm-none-eabi/7.3.1/../../../../arm-none-eabi/lib/thumb/v7e-m/fpv4-sp/hard\libc_nano.a(lib_a-exit.o)
                              c:/st/stm32cubeide_1.5.1/stm32cubeide/plugins/com.st.stm32cube.ide.mcu.externaltools.gnu-tools-for-stm32.7-2018-q2-update.win32_1.5.0.202011040924/tools/bin/../lib/gcc/arm-none-eabi/7.3.1/../../../../arm-none-eabi/lib/thumb/v7e-m/fpv4-sp/hard/crt0.o (exit)
c:/st/stm32cubeide_1.5.1/stm32cubeide/plugins/com.st.stm32cube.ide.mcu.externaltools.gnu-tools-for-stm32.7-2018-q2-update.win32_1.5.0.202011040924/tools/bin/../lib/gcc/arm-none-eabi/7.3.1/../../../../arm-none-eabi/lib/thumb/v7e-m/fpv4-sp/hard\libc_nano.a(lib_a-impure.o)
                              c:/st/stm32cubeide_1.5.1/stm32cubeide/plugins/com.st.stm32cube.ide.mcu.externaltools.gnu-tools-for-stm32.7-2018-q2-update.win32_1.5.0.202011040924/tools/bin/../lib/gcc/arm-none-eabi/7.3.1/../../../../arm-none-eabi/lib/thumb/v7e-m/fpv4-sp/hard\libc_nano.a(lib_a-exit.o) (_global_impure_ptr)
c:/st/stm32cubeide_1.5.1/stm32cubeide/plugins/com.st.stm32cube.ide.mcu.externaltools.gnu-tools-for-stm32.7-2018-q2-update.win32_1.5.0.202011040924/tools/bin/../lib/gcc/arm-none-eabi/7.3.1/../../../../arm-none-eabi/lib/thumb/v7e-m/fpv4-sp/hard\libc_nano.a(lib_a-init.o)
                              c:/st/stm32cubeide_1.5.1/stm32cubeide/plugins/com.st.stm32cube.ide.mcu.externaltools.gnu-tools-for-stm32.7-2018-q2-update.win32_1.5.0.202011040924/tools/bin/../lib/gcc/arm-none-eabi/7.3.1/../../../../arm-none-eabi/lib/thumb/v7e-m/fpv4-sp/hard/crt0.o (__libc_init_array)
c:/st/stm32cubeide_1.5.1/stm32cubeide/plugins/com.st.stm32cube.ide.mcu.externaltools.gnu-tools-for-stm32.7-2018-q2-update.win32_1.5.0.202011040924/tools/bin/../lib/gcc/arm-none-eabi/7.3.1/../../../../arm-none-eabi/lib/thumb/v7e-m/fpv4-sp/hard\libc_nano.a(lib_a-memcpy-stub.o)
                              Core/Src/main.o (memcpy)
c:/st/stm32cubeide_1.5.1/stm32cubeide/plugins/com.st.stm32cube.ide.mcu.externaltools.gnu-tools-for-stm32.7-2018-q2-update.win32_1.5.0.202011040924/tools/bin/../lib/gcc/arm-none-eabi/7.3.1/../../../../arm-none-eabi/lib/thumb/v7e-m/fpv4-sp/hard\libc_nano.a(lib_a-memset.o)
                              c:/st/stm32cubeide_1.5.1/stm32cubeide/plugins/com.st.stm32cube.ide.mcu.externaltools.gnu-tools-for-stm32.7-2018-q2-update.win32_1.5.0.202011040924/tools/bin/../lib/gcc/arm-none-eabi/7.3.1/../../../../arm-none-eabi/lib/thumb/v7e-m/fpv4-sp/hard/crt0.o (memset)
c:/st/stm32cubeide_1.5.1/stm32cubeide/plugins/com.st.stm32cube.ide.mcu.externaltools.gnu-tools-for-stm32.7-2018-q2-update.win32_1.5.0.202011040924/tools/bin/../lib/gcc/arm-none-eabi/7.3.1/../../../../arm-none-eabi/lib/thumb/v7e-m/fpv4-sp/hard\libc_nano.a(lib_a-sprintf.o)
                              Core/Src/main.o (sprintf)
c:/st/stm32cubeide_1.5.1/stm32cubeide/plugins/com.st.stm32cube.ide.mcu.externaltools.gnu-tools-for-stm32.7-2018-q2-update.win32_1.5.0.202011040924/tools/bin/../lib/gcc/arm-none-eabi/7.3.1/../../../../arm-none-eabi/lib/thumb/v7e-m/fpv4-sp/hard\libc_nano.a(lib_a-nano-svfprintf.o)
                              c:/st/stm32cubeide_1.5.1/stm32cubeide/plugins/com.st.stm32cube.ide.mcu.externaltools.gnu-tools-for-stm32.7-2018-q2-update.win32_1.5.0.202011040924/tools/bin/../lib/gcc/arm-none-eabi/7.3.1/../../../../arm-none-eabi/lib/thumb/v7e-m/fpv4-sp/hard\libc_nano.a(lib_a-sprintf.o) (_svfprintf_r)
c:/st/stm32cubeide_1.5.1/stm32cubeide/plugins/com.st.stm32cube.ide.mcu.externaltools.gnu-tools-for-stm32.7-2018-q2-update.win32_1.5.0.202011040924/tools/bin/../lib/gcc/arm-none-eabi/7.3.1/../../../../arm-none-eabi/lib/thumb/v7e-m/fpv4-sp/hard\libc_nano.a(lib_a-nano-vfprintf_i.o)
                              c:/st/stm32cubeide_1.5.1/stm32cubeide/plugins/com.st.stm32cube.ide.mcu.externaltools.gnu-tools-for-stm32.7-2018-q2-update.win32_1.5.0.202011040924/tools/bin/../lib/gcc/arm-none-eabi/7.3.1/../../../../arm-none-eabi/lib/thumb/v7e-m/fpv4-sp/hard\libc_nano.a(lib_a-nano-svfprintf.o) (_printf_i)
c:/st/stm32cubeide_1.5.1/stm32cubeide/plugins/com.st.stm32cube.ide.mcu.externaltools.gnu-tools-for-stm32.7-2018-q2-update.win32_1.5.0.202011040924/tools/bin/../lib/gcc/arm-none-eabi/7.3.1/../../../../arm-none-eabi/lib/thumb/v7e-m/fpv4-sp/hard\libc_nano.a(lib_a-memchr.o)
[...]
Memory Configuration

Name             Origin             Length             Attributes
RAM              0x0000000020000000 0x0000000000050000 xrw
FLASH            0x0000000008000000 0x0000000000100000 xr
*default*        0x0000000000000000 0xffffffffffffffff

Linker script and memory map

LOAD c:/st/stm32cubeide_1.5.1/stm32cubeide/plugins/com.st.stm32cube.ide.mcu.externaltools.gnu-tools-for-stm32.7-2018-q2-update.win32_1.5.0.202011040924/tools/bin/../lib/gcc/arm-none-eabi/7.3.1/thumb/v7e-m/fpv4-sp/hard/crti.o
LOAD c:/st/stm32cubeide_1.5.1/stm32cubeide/plugins/com.st.stm32cube.ide.mcu.externaltools.gnu-tools-for-stm32.7-2018-q2-update.win32_1.5.0.202011040924/tools/bin/../lib/gcc/arm-none-eabi/7.3.1/thumb/v7e-m/fpv4-sp/hard/crtbegin.o
LOAD c:/st/stm32cubeide_1.5.1/stm32cubeide/plugins/com.st.stm32cube.ide.mcu.externaltools.gnu-tools-for-stm32.7-2018-q2-update.win32_1.5.0.202011040924/tools/bin/../lib/gcc/arm-none-eabi/7.3.1/../../../../arm-none-eabi/lib/thumb/v7e-m/fpv4-sp/hard/crt0.o
LOAD Core/Src/freertos.o
LOAD Core/Src/ft5336.o
LOAD Core/Src/main.o
LOAD Core/Src/stm32746g_discovery.o
LOAD Core/Src/stm32746g_discovery_lcd.o
LOAD Core/Src/stm32746g_discovery_sdram.o
LOAD Core/Src/stm32746g_discovery_ts.o
LOAD Core/Src/stm32f7xx_hal_msp.o
LOAD Core/Src/stm32f7xx_hal_timebase_tim.o
LOAD Core/Src/stm32f7xx_it.o
LOAD Core/Src/syscalls.o
LOAD Core/Src/sysmem.o
LOAD Core/Src/system_stm32f7xx.o
LOAD Core/Startup/startup_stm32f746nghx.o
LOAD Drivers/STM32F7xx_HAL_Driver/Src/stm32f7xx_hal.o
LOAD Drivers/STM32F7xx_HAL_Driver/Src/stm32f7xx_hal_adc.o
LOAD Drivers/STM32F7xx_HAL_Driver/Src/stm32f7xx_hal_adc_ex.o
LOAD Drivers/STM32F7xx_HAL_Driver/Src/stm32f7xx_hal_cortex.o
LOAD Drivers/STM32F7xx_HAL_Driver/Src/stm32f7xx_hal_dac.o
LOAD Drivers/STM32F7xx_HAL_Driver/Src/stm32f7xx_hal_dac_ex.o
LOAD Drivers/STM32F7xx_HAL_Driver/Src/stm32f7xx_hal_dma.o
LOAD Drivers/STM32F7xx_HAL_Driver/Src/stm32f7xx_hal_dma2d.o
LOAD Drivers/STM32F7xx_HAL_Driver/Src/stm32f7xx_hal_dma_ex.o
LOAD Drivers/STM32F7xx_HAL_Driver/Src/stm32f7xx_hal_dsi.o
LOAD Drivers/STM32F7xx_HAL_Driver/Src/stm32f7xx_hal_exti.o
LOAD Drivers/STM32F7xx_HAL_Driver/Src/stm32f7xx_hal_flash.o
LOAD Drivers/STM32F7xx_HAL_Driver/Src/stm32f7xx_hal_flash_ex.o
LOAD Drivers/STM32F7xx_HAL_Driver/Src/stm32f7xx_hal_gpio.o
LOAD Drivers/STM32F7xx_HAL_Driver/Src/stm32f7xx_hal_i2c.o
LOAD Drivers/STM32F7xx_HAL_Driver/Src/stm32f7xx_hal_i2c_ex.o
LOAD Drivers/STM32F7xx_HAL_Driver/Src/stm32f7xx_hal_ltdc.o
LOAD Drivers/STM32F7xx_HAL_Driver/Src/stm32f7xx_hal_ltdc_ex.o
LOAD Drivers/STM32F7xx_HAL_Driver/Src/stm32f7xx_hal_pwr.o
LOAD Drivers/STM32F7xx_HAL_Driver/Src/stm32f7xx_hal_pwr_ex.o
LOAD Drivers/STM32F7xx_HAL_Driver/Src/stm32f7xx_hal_rcc.o
LOAD Drivers/STM32F7xx_HAL_Driver/Src/stm32f7xx_hal_rcc_ex.o
LOAD Drivers/STM32F7xx_HAL_Driver/Src/stm32f7xx_hal_rtc.o
LOAD Drivers/STM32F7xx_HAL_Driver/Src/stm32f7xx_hal_rtc_ex.o
LOAD Drivers/STM32F7xx_HAL_Driver/Src/stm32f7xx_hal_sdram.o
LOAD Drivers/STM32F7xx_HAL_Driver/Src/stm32f7xx_hal_spi.o
LOAD Drivers/STM32F7xx_HAL_Driver/Src/stm32f7xx_hal_spi_ex.o
LOAD Drivers/STM32F7xx_HAL_Driver/Src/stm32f7xx_hal_tim.o
LOAD Drivers/STM32F7xx_HAL_Driver/Src/stm32f7xx_hal_tim_ex.o
LOAD Drivers/STM32F7xx_HAL_Driver/Src/stm32f7xx_hal_uart.o
LOAD Drivers/STM32F7xx_HAL_Driver/Src/stm32f7xx_hal_uart_ex.o
LOAD Drivers/STM32F7xx_HAL_Driver/Src/stm32f7xx_ll_fmc.o
LOAD Middlewares/Third_Party/FreeRTOS/Source/CMSIS_RTOS/cmsis_os.o
LOAD Middlewares/Third_Party/FreeRTOS/Source/croutine.o
LOAD Middlewares/Third_Party/FreeRTOS/Source/event_groups.o
LOAD Middlewares/Third_Party/FreeRTOS/Source/list.o
LOAD Middlewares/Third_Party/FreeRTOS/Source/queue.o
LOAD Middlewares/Third_Party/FreeRTOS/Source/stream_buffer.o
LOAD Middlewares/Third_Party/FreeRTOS/Source/tasks.o
LOAD Middlewares/Third_Party/FreeRTOS/Source/timers.o
LOAD Middlewares/Third_Party/FreeRTOS/Source/portable/GCC/ARM_CM7/r0p1/port.o
LOAD Middlewares/Third_Party/FreeRTOS/Source/portable/MemMang/heap_4.o
START GROUP
LOAD c:/st/stm32cubeide_1.5.1/stm32cubeide/plugins/com.st.stm32cube.ide.mcu.externaltools.gnu-tools-for-stm32.7-2018-q2-update.win32_1.5.0.202011040924/tools/bin/../lib/gcc/arm-none-eabi/7.3.1/../../../../arm-none-eabi/lib/thumb/v7e-m/fpv4-sp/hard\libc_nano.a
LOAD c:/st/stm32cubeide_1.5.1/stm32cubeide/plugins/com.st.stm32cube.ide.mcu.externaltools.gnu-tools-for-stm32.7-2018-q2-update.win32_1.5.0.202011040924/tools/bin/../lib/gcc/arm-none-eabi/7.3.1/../../../../arm-none-eabi/lib/thumb/v7e-m/fpv4-sp/hard\libm.a
END GROUP
START GROUP
LOAD c:/st/stm32cubeide_1.5.1/stm32cubeide/plugins/com.st.stm32cube.ide.mcu.externaltools.gnu-tools-for-stm32.7-2018-q2-update.win32_1.5.0.202011040924/tools/bin/../lib/gcc/arm-none-eabi/7.3.1/thumb/v7e-m/fpv4-sp/hard\libgcc.a
LOAD c:/st/stm32cubeide_1.5.1/stm32cubeide/plugins/com.st.stm32cube.ide.mcu.externaltools.gnu-tools-for-stm32.7-2018-q2-update.win32_1.5.0.202011040924/tools/bin/../lib/gcc/arm-none-eabi/7.3.1/../../../../arm-none-eabi/lib/thumb/v7e-m/fpv4-sp/hard\libc_nano.a
END GROUP
START GROUP
LOAD c:/st/stm32cubeide_1.5.1/stm32cubeide/plugins/com.st.stm32cube.ide.mcu.externaltools.gnu-tools-for-stm32.7-2018-q2-update.win32_1.5.0.202011040924/tools/bin/../lib/gcc/arm-none-eabi/7.3.1/thumb/v7e-m/fpv4-sp/hard\libgcc.a
LOAD c:/st/stm32cubeide_1.5.1/stm32cubeide/plugins/com.st.stm32cube.ide.mcu.externaltools.gnu-tools-for-stm32.7-2018-q2-update.win32_1.5.0.202011040924/tools/bin/../lib/gcc/arm-none-eabi/7.3.1/../../../../arm-none-eabi/lib/thumb/v7e-m/fpv4-sp/hard\libc_nano.a
LOAD c:/st/stm32cubeide_1.5.1/stm32cubeide/plugins/com.st.stm32cube.ide.mcu.externaltools.gnu-tools-for-stm32.7-2018-q2-update.win32_1.5.0.202011040924/tools/bin/../lib/gcc/arm-none-eabi/7.3.1/../../../../arm-none-eabi/lib/thumb/v7e-m/fpv4-sp/hard\libnosys.a
END GROUP
START GROUP
LOAD c:/st/stm32cubeide_1.5.1/stm32cubeide/plugins/com.st.stm32cube.ide.mcu.externaltools.gnu-tools-for-stm32.7-2018-q2-update.win32_1.5.0.202011040924/tools/bin/../lib/gcc/arm-none-eabi/7.3.1/thumb/v7e-m/fpv4-sp/hard\libgcc.a
LOAD c:/st/stm32cubeide_1.5.1/stm32cubeide/plugins/com.st.stm32cube.ide.mcu.externaltools.gnu-tools-for-stm32.7-2018-q2-update.win32_1.5.0.202011040924/tools/bin/../lib/gcc/arm-none-eabi/7.3.1/../../../../arm-none-eabi/lib/thumb/v7e-m/fpv4-sp/hard\libc_nano.a
LOAD c:/st/stm32cubeide_1.5.1/stm32cubeide/plugins/com.st.stm32cube.ide.mcu.externaltools.gnu-tools-for-stm32.7-2018-q2-update.win32_1.5.0.202011040924/tools/bin/../lib/gcc/arm-none-eabi/7.3.1/../../../../arm-none-eabi/lib/thumb/v7e-m/fpv4-sp/hard\libnosys.a
END GROUP
LOAD c:/st/stm32cubeide_1.5.1/stm32cubeide/plugins/com.st.stm32cube.ide.mcu.externaltools.gnu-tools-for-stm32.7-2018-q2-update.win32_1.5.0.202011040924/tools/bin/../lib/gcc/arm-none-eabi/7.3.1/thumb/v7e-m/fpv4-sp/hard/crtend.o
LOAD c:/st/stm32cubeide_1.5.1/stm32cubeide/plugins/com.st.stm32cube.ide.mcu.externaltools.gnu-tools-for-stm32.7-2018-q2-update.win32_1.5.0.202011040924/tools/bin/../lib/gcc/arm-none-eabi/7.3.1/thumb/v7e-m/fpv4-sp/hard/crtn.o
                0x0000000020050000                _estack = (ORIGIN (RAM) + LENGTH (RAM))
                0x0000000000000200                _Min_Heap_Size = 0x200
                0x0000000000000400                _Min_Stack_Size = 0x400

.isr_vector     0x0000000008000000      0x1c8
                0x0000000008000000                . = ALIGN (0x4)
 *(.isr_vector)
 .isr_vector    0x0000000008000000      0x1c8 Core/Startup/startup_stm32f746nghx.o
                0x0000000008000000                g_pfnVectors
                0x00000000080001c8                . = ALIGN (0x4)

.text           0x00000000080001d0     0xefdc
                0x00000000080001d0                . = ALIGN (0x4)
 *(.text)
 .text          0x00000000080001d0       0x40 c:/st/stm32cubeide_1.5.1/stm32cubeide/plugins/com.st.stm32cube.ide.mcu.externaltools.gnu-tools-for-stm32.7-2018-q2-update.win32_1.5.0.202011040924/tools/bin/../lib/gcc/arm-none-eabi/7.3.1/thumb/v7e-m/fpv4-sp/hard/crtbegin.o
 .text          0x0000000008000210       0xa0 c:/st/stm32cubeide_1.5.1/stm32cubeide/plugins/com.st.stm32cube.ide.mcu.externaltools.gnu-tools-for-stm32.7-2018-q2-update.win32_1.5.0.202011040924/tools/bin/../lib/gcc/arm-none-eabi/7.3.1/../../../../arm-none-eabi/lib/thumb/v7e-m/fpv4-sp/hard\libc_nano.a(lib_a-memchr.o)
                0x0000000008000210                memchr
 .text          0x00000000080002b0       0x30 c:/st/stm32cubeide_1.5.1/stm32cubeide/plugins/com.st.stm32cube.ide.mcu.externaltools.gnu-tools-for-stm32.7-2018-q2-update.win32_1.5.0.202011040924/tools/bin/../lib/gcc/arm-none-eabi/7.3.1/thumb/v7e-m/fpv4-sp/hard\libgcc.a(_aeabi_uldivmod.o)
                0x00000000080002b0                __aeabi_uldivmod
 .text          0x00000000080002e0      0x2cc c:/st/stm32cubeide_1.5.1/stm32cubeide/plugins/com.st.stm32cube.ide.mcu.externaltools.gnu-tools-for-stm32.7-2018-q2-update.win32_1.5.0.202011040924/tools/bin/../lib/gcc/arm-none-eabi/7.3.1/thumb/v7e-m/fpv4-sp/hard\libgcc.a(_udivmoddi4.o)
                0x00000000080002e0                __udivmoddi4
 .text          0x00000000080005ac        0x4 c:/st/stm32cubeide_1.5.1/stm32cubeide/plugins/com.st.stm32cube.ide.mcu.externaltools.gnu-tools-for-stm32.7-2018-q2-update.win32_1.5.0.202011040924/tools/bin/../lib/gcc/arm-none-eabi/7.3.1/thumb/v7e-m/fpv4-sp/hard\libgcc.a(_dvmd_tls.o)
                0x00000000080005ac                __aeabi_idiv0
                0x00000000080005ac                __aeabi_ldiv0
 *(.text*)
 .text.vApplicationIdleHook
                0x00000000080005b0        0xe Core/Src/freertos.o
                0x00000000080005b0                vApplicationIdleHook
 .text.vApplicationStackOverflowHook
                0x00000000080005be       0x16 Core/Src/freertos.o
                0x00000000080005be                vApplicationStackOverflowHook
 .text.vApplicationMallocFailedHook
                0x00000000080005d4        0xe Core/Src/freertos.o
                0x00000000080005d4                vApplicationMallocFailedHook
 *fill*         0x00000000080005e2        0x2 
 .text.vApplicationGetIdleTaskMemory
                0x00000000080005e4       0x34 Core/Src/freertos.o
                0x00000000080005e4                vApplicationGetIdleTaskMemory
 .text.ft5336_Init
                0x0000000008000618       0x1c Core/Src/ft5336.o
                0x0000000008000618                ft5336_Init
 .text.ft5336_Reset
                0x0000000008000634       0x16 Core/Src/ft5336.o
                0x0000000008000634                ft5336_Reset
 .text.ft5336_ReadID
                0x000000000800064a       0x5c Core/Src/ft5336.o
                0x000000000800064a                ft5336_ReadID
 .text.ft5336_TS_Start
                0x00000000080006a6       0x22 Core/Src/ft5336.o
                0x00000000080006a6                ft5336_TS_Start
 .text.ft5336_TS_DetectTouch
                0x00000000080006c8       0x54 Core/Src/ft5336.o
                0x00000000080006c8                ft5336_TS_DetectTouch
 .text.ft5336_TS_GetXY
                0x000000000800071c      0x1e0 Core/Src/ft5336.o
                0x000000000800071c                ft5336_TS_GetXY
 .text.ft5336_TS_EnableIT
                0x00000000080008fc       0x28 Core/Src/ft5336.o
                0x00000000080008fc                ft5336_TS_EnableIT
 .text.ft5336_TS_DisableIT
                0x0000000008000924       0x28 Core/Src/ft5336.o
                0x0000000008000924                ft5336_TS_DisableIT
 .text.ft5336_TS_ITStatus
                0x000000000800094c       0x18 Core/Src/ft5336.o
                0x000000000800094c                ft5336_TS_ITStatus
 .text.ft5336_TS_ClearIT
                0x0000000008000964       0x16 Core/Src/ft5336.o
                0x0000000008000964                ft5336_TS_ClearIT
 .text.ft5336_TS_GetGestureID
                0x000000000800097a       0x32 Core/Src/ft5336.o
                0x000000000800097a                ft5336_TS_GetGestureID
 .text.ft5336_TS_GetTouchInfo
                0x00000000080009ac      0x15c Core/Src/ft5336.o
                0x00000000080009ac                ft5336_TS_GetTouchInfo
 .text.ft5336_Get_I2C_InitializedStatus
                0x0000000008000b08       0x18 Core/Src/ft5336.o
 .text.ft5336_I2C_InitializeIfRequired
                0x0000000008000b20       0x20 Core/Src/ft5336.o
 .text.ft5336_TS_Configure
                0x0000000008000b40       0x1c Core/Src/ft5336.o
 .text.main     0x0000000008000b5c      0x368 Core/Src/main.o
                0x0000000008000b5c                main
 .text.SystemClock_Config
                0x0000000008000ec4      0x160 Core/Src/main.o
                0x0000000008000ec4                SystemClock_Config
 .text.MX_ADC1_Init
                0x0000000008001024       0xa4 Core/Src/main.o
 .text.MX_ADC3_Init
                0x00000000080010c8       0xa4 Core/Src/main.o
 .text.MX_DAC_Init
                0x000000000800116c       0x54 Core/Src/main.o
 .text.MX_DMA2D_Init
                0x00000000080011c0       0x64 Core/Src/main.o
 .text.MX_I2C1_Init
                0x0000000008001224       0x80 Core/Src/main.o
 .text.MX_I2C3_Init
                0x00000000080012a4       0x80 Core/Src/main.o
 .text.MX_LTDC_Init
                0x0000000008001324      0x104 Core/Src/main.o
 .text.MX_RTC_Init
                0x0000000008001428      0x14c Core/Src/main.o
 .text.MX_SPI2_Init
                0x0000000008001574       0x7c Core/Src/main.o
 .text.MX_TIM1_Init
                0x00000000080015f0       0xa8 Core/Src/main.o
 .text.MX_TIM2_Init
                0x0000000008001698       0x9c Core/Src/main.o
 .text.MX_TIM3_Init
                0x0000000008001734      0x11c Core/Src/main.o
 .text.MX_TIM5_Init
                0x0000000008001850       0x9c Core/Src/main.o
 .text.MX_TIM8_Init
                0x00000000080018ec      0x154 Core/Src/main.o
 .text.MX_UART7_Init
                0x0000000008001a40       0x60 Core/Src/main.o
 .text.MX_USART1_UART_Init
                0x0000000008001aa0       0x60 Core/Src/main.o
 .text.MX_USART6_UART_Init
                0x0000000008001b00       0x60 Core/Src/main.o
 .text.MX_FMC_Init
                0x0000000008001b60       0x9c Core/Src/main.o
 .text.MX_GPIO_Init
                0x0000000008001bfc      0x404 Core/Src/main.o
 .text.HAL_GPIO_EXTI_Callback
                0x0000000008002000       0x30 Core/Src/main.o
                0x0000000008002000                HAL_GPIO_EXTI_Callback
 .text.TestConditionBord
                0x0000000008002030       0x52 Core/Src/main.o
                0x0000000008002030                TestConditionBord
 *fill*         0x0000000008002082        0x2 
 .text.LCD_PAINTBRUSH
                0x0000000008002084       0x4c Core/Src/main.o
                0x0000000008002084                LCD_PAINTBRUSH
 .text.LCD_PAINTBRUSH_SAMPLE
                0x00000000080020d0       0xd4 Core/Src/main.o
                0x00000000080020d0                LCD_PAINTBRUSH_SAMPLE
 .text.AfficheTonalite
                0x00000000080021a4      0x214 Core/Src/main.o
                0x00000000080021a4                AfficheTonalite
 .text.AfficheLuminosite
                0x00000000080023b8       0xa8 Core/Src/main.o
                0x00000000080023b8                AfficheLuminosite
 .text.AfficheSaturation
                0x0000000008002460       0xa8 Core/Src/main.o
                0x0000000008002460                AfficheSaturation
 .text.FindCouleur
                0x0000000008002508      0x1dc Core/Src/main.o
                0x0000000008002508                FindCouleur
 .text.FindTonalite
                0x00000000080026e4       0x4c Core/Src/main.o
                0x00000000080026e4                FindTonalite
 .text.FindLuminosite
                0x0000000008002730       0x34 Core/Src/main.o
                0x0000000008002730                FindLuminosite
 .text.FindSaturation
                0x0000000008002764       0x34 Core/Src/main.o
                0x0000000008002764                FindSaturation
 .text.modulo   0x0000000008002798       0x44 Core/Src/main.o
                0x0000000008002798                modulo
 .text.absolu   0x00000000080027dc       0x34 Core/Src/main.o
                0x00000000080027dc                absolu
 .text.StartDefaultTask
                0x0000000008002810       0x10 Core/Src/main.o
                0x0000000008002810                StartDefaultTask
 .text.StartMode
                0x0000000008002820      0xc44 Core/Src/main.o
                0x0000000008002820                StartMode
 .text.StartPeindre
                0x0000000008003464       0x90 Core/Src/main.o
                0x0000000008003464                StartPeindre
 .text.StartTaskEtat
                0x00000000080034f4      0x1f4 Core/Src/main.o
                0x00000000080034f4                StartTaskEtat
 .text.HAL_TIM_PeriodElapsedCallback
                0x00000000080036e8       0x24 Core/Src/main.o
                0x00000000080036e8                HAL_TIM_PeriodElapsedCallback
 .text.Error_Handler
                0x000000000800370c        0x8 Core/Src/main.o
                0x000000000800370c                Error_Handler
 .text.I2Cx_MspInit
                0x0000000008003714      0x160 Core/Src/stm32746g_discovery.o
 .text.I2Cx_Init
                0x0000000008003874       0x78 Core/Src/stm32746g_discovery.o
 .text.I2Cx_ReadMultiple
                0x00000000080038ec       0x5a Core/Src/stm32746g_discovery.o
 .text.I2Cx_WriteMultiple
                0x0000000008003946       0x5a Core/Src/stm32746g_discovery.o
 .text.I2Cx_Error
                0x00000000080039a0       0x20 Core/Src/stm32746g_discovery.o
 .text.TS_IO_Init
                0x00000000080039c0       0x14 Core/Src/stm32746g_discovery.o
                0x00000000080039c0                TS_IO_Init
 .text.TS_IO_Write
                0x00000000080039d4       0x34 Core/Src/stm32746g_discovery.o
                0x00000000080039d4                TS_IO_Write
 .text.TS_IO_Read
                0x0000000008003a08       0x3c Core/Src/stm32746g_discovery.o
                0x0000000008003a08                TS_IO_Read
 .text.TS_IO_Delay
                0x0000000008003a44       0x16 Core/Src/stm32746g_discovery.o
                0x0000000008003a44                TS_IO_Delay
 *fill*         0x0000000008003a5a        0x2 
 .text.BSP_LCD_Init
                0x0000000008003a5c       0xe0 Core/Src/stm32746g_discovery_lcd.o
                0x0000000008003a5c                BSP_LCD_Init
 .text.BSP_LCD_GetXSize
                0x0000000008003b3c       0x28 Core/Src/stm32746g_discovery_lcd.o
                0x0000000008003b3c                BSP_LCD_GetXSize
 .text.BSP_LCD_GetYSize
                0x0000000008003b64       0x28 Core/Src/stm32746g_discovery_lcd.o
                0x0000000008003b64                BSP_LCD_GetYSize
 .text.BSP_LCD_LayerDefaultInit
                0x0000000008003b8c       0xc0 Core/Src/stm32746g_discovery_lcd.o
                0x0000000008003b8c                BSP_LCD_LayerDefaultInit
 .text.BSP_LCD_SelectLayer
                0x0000000008003c4c       0x20 Core/Src/stm32746g_discovery_lcd.o
                0x0000000008003c4c                BSP_LCD_SelectLayer
 .text.BSP_LCD_SetTextColor
                0x0000000008003c6c       0x30 Core/Src/stm32746g_discovery_lcd.o
                0x0000000008003c6c                BSP_LCD_SetTextColor
 .text.BSP_LCD_SetBackColor
                0x0000000008003c9c       0x34 Core/Src/stm32746g_discovery_lcd.o
                0x0000000008003c9c                BSP_LCD_SetBackColor
 .text.BSP_LCD_SetFont
                0x0000000008003cd0       0x34 Core/Src/stm32746g_discovery_lcd.o
                0x0000000008003cd0                BSP_LCD_SetFont
 .text.BSP_LCD_GetFont
                0x0000000008003d04       0x2c Core/Src/stm32746g_discovery_lcd.o
                0x0000000008003d04                BSP_LCD_GetFont
 .text.BSP_LCD_Clear
                0x0000000008003d30       0x50 Core/Src/stm32746g_discovery_lcd.o
                0x0000000008003d30                BSP_LCD_Clear
 .text.BSP_LCD_DisplayChar
                0x0000000008003d80       0x88 Core/Src/stm32746g_discovery_lcd.o
                0x0000000008003d80                BSP_LCD_DisplayChar
 .text.BSP_LCD_DisplayStringAt
                0x0000000008003e08      0x188 Core/Src/stm32746g_discovery_lcd.o
                0x0000000008003e08                BSP_LCD_DisplayStringAt
 .text.BSP_LCD_DisplayStringAtLine
                0x0000000008003f90       0x2e Core/Src/stm32746g_discovery_lcd.o
                0x0000000008003f90                BSP_LCD_DisplayStringAtLine
 *fill*         0x0000000008003fbe        0x2 
 .text.BSP_LCD_DrawHLine
                0x0000000008003fc0       0xbc Core/Src/stm32746g_discovery_lcd.o
                0x0000000008003fc0                BSP_LCD_DrawHLine
 .text.BSP_LCD_DrawVLine
                0x000000000800407c       0xc4 Core/Src/stm32746g_discovery_lcd.o
                0x000000000800407c                BSP_LCD_DrawVLine
 .text.BSP_LCD_DrawCircle
                0x0000000008004140      0x1e0 Core/Src/stm32746g_discovery_lcd.o
                0x0000000008004140                BSP_LCD_DrawCircle
 .text.BSP_LCD_DrawPixel
                0x0000000008004320       0x90 Core/Src/stm32746g_discovery_lcd.o
                0x0000000008004320                BSP_LCD_DrawPixel
 .text.BSP_LCD_FillRect
                0x00000000080043b0       0xf4 Core/Src/stm32746g_discovery_lcd.o
                0x00000000080043b0                BSP_LCD_FillRect
 .text.BSP_LCD_FillCircle
                0x00000000080044a4      0x140 Core/Src/stm32746g_discovery_lcd.o
                0x00000000080044a4                BSP_LCD_FillCircle
 .text.BSP_LCD_DisplayOn
                0x00000000080045e4       0x3c Core/Src/stm32746g_discovery_lcd.o
                0x00000000080045e4                BSP_LCD_DisplayOn
 .text.BSP_LCD_MspInit
                0x0000000008004620      0x1b4 Core/Src/stm32746g_discovery_lcd.o
                0x0000000008004620                BSP_LCD_MspInit
 .text.BSP_LCD_ClockConfig
                0x00000000080047d4       0x38 Core/Src/stm32746g_discovery_lcd.o
                0x00000000080047d4                BSP_LCD_ClockConfig
 .text.DrawChar
                0x000000000800480c      0x170 Core/Src/stm32746g_discovery_lcd.o
 .text.LL_FillBuffer
                0x000000000800497c       0x98 Core/Src/stm32746g_discovery_lcd.o
 .text.BSP_SDRAM_Init
                0x0000000008004a14       0xbc Core/Src/stm32746g_discovery_sdram.o
                0x0000000008004a14                BSP_SDRAM_Init
 .text.BSP_SDRAM_Initialization_sequence
                0x0000000008004ad0       0xc0 Core/Src/stm32746g_discovery_sdram.o
                0x0000000008004ad0                BSP_SDRAM_Initialization_sequence
 .text.BSP_SDRAM_MspInit
                0x0000000008004b90      0x1f0 Core/Src/stm32746g_discovery_sdram.o
                0x0000000008004b90                BSP_SDRAM_MspInit
 .text.BSP_TS_Init
                0x0000000008004d80       0x80 Core/Src/stm32746g_discovery_ts.o
                0x0000000008004d80                BSP_TS_Init
 .text.BSP_TS_GetState
                0x0000000008004e00      0x3ac Core/Src/stm32746g_discovery_ts.o
                0x0000000008004e00                BSP_TS_GetState
 .text.BSP_TS_Get_GestureId
                0x00000000080051ac       0x94 Core/Src/stm32746g_discovery_ts.o
                0x00000000080051ac                BSP_TS_Get_GestureId
 .text.HAL_MspInit
                0x0000000008005240       0x50 Core/Src/stm32f7xx_hal_msp.o
                0x0000000008005240                HAL_MspInit
 .text.HAL_ADC_MspInit
                0x0000000008005290       0xdc Core/Src/stm32f7xx_hal_msp.o
                0x0000000008005290                HAL_ADC_MspInit
 .text.HAL_DAC_MspInit
                0x000000000800536c       0x90 Core/Src/stm32f7xx_hal_msp.o
                0x000000000800536c                HAL_DAC_MspInit
 .text.HAL_DMA2D_MspInit
                0x00000000080053fc       0x40 Core/Src/stm32f7xx_hal_msp.o
                0x00000000080053fc                HAL_DMA2D_MspInit
 .text.HAL_I2C_MspInit
                0x000000000800543c       0xf0 Core/Src/stm32f7xx_hal_msp.o
                0x000000000800543c                HAL_I2C_MspInit
 .text.HAL_I2C_MspDeInit
                0x000000000800552c       0x78 Core/Src/stm32f7xx_hal_msp.o
                0x000000000800552c                HAL_I2C_MspDeInit
 .text.HAL_LTDC_MspInit
                0x00000000080055a4      0x190 Core/Src/stm32f7xx_hal_msp.o
                0x00000000080055a4                HAL_LTDC_MspInit
 .text.HAL_RTC_MspInit
                0x0000000008005734       0x34 Core/Src/stm32f7xx_hal_msp.o
                0x0000000008005734                HAL_RTC_MspInit
 .text.HAL_SPI_MspInit
                0x0000000008005768       0xe4 Core/Src/stm32f7xx_hal_msp.o
                0x0000000008005768                HAL_SPI_MspInit
 .text.HAL_TIM_Base_MspInit
                0x000000000800584c       0xdc Core/Src/stm32f7xx_hal_msp.o
                0x000000000800584c                HAL_TIM_Base_MspInit
 .text.HAL_TIM_MspPostInit
                0x0000000008005928       0xbc Core/Src/stm32f7xx_hal_msp.o
                0x0000000008005928                HAL_TIM_MspPostInit
 .text.HAL_UART_MspInit
                0x00000000080059e4      0x18c Core/Src/stm32f7xx_hal_msp.o
                0x00000000080059e4                HAL_UART_MspInit
 .text.HAL_FMC_MspInit
                0x0000000008005b70      0x120 Core/Src/stm32f7xx_hal_msp.o
 .text.HAL_SDRAM_MspInit
                0x0000000008005c90       0x14 Core/Src/stm32f7xx_hal_msp.o
                0x0000000008005c90                HAL_SDRAM_MspInit
 .text.HAL_InitTick
                0x0000000008005ca4       0xb0 Core/Src/stm32f7xx_hal_timebase_tim.o
                0x0000000008005ca4                HAL_InitTick
 .text.NMI_Handler
                0x0000000008005d54        0x6 Core/Src/stm32f7xx_it.o
                0x0000000008005d54                NMI_Handler
 .text.HardFault_Handler
                0x0000000008005d5a        0x6 Core/Src/stm32f7xx_it.o
                0x0000000008005d5a                HardFault_Handler
 .text.MemManage_Handler
                0x0000000008005d60        0x6 Core/Src/stm32f7xx_it.o
                0x0000000008005d60                MemManage_Handler
 .text.BusFault_Handler
                0x0000000008005d66        0x6 Core/Src/stm32f7xx_it.o
                0x0000000008005d66                BusFault_Handler
 .text.UsageFault_Handler
                0x0000000008005d6c        0x6 Core/Src/stm32f7xx_it.o
                0x0000000008005d6c                UsageFault_Handler
 .text.DebugMon_Handler
                0x0000000008005d72        0xe Core/Src/stm32f7xx_it.o
                0x0000000008005d72                DebugMon_Handler
 .text.EXTI9_5_IRQHandler
                0x0000000008005d80        0xe Core/Src/stm32f7xx_it.o
                0x0000000008005d80                EXTI9_5_IRQHandler
 *fill*         0x0000000008005d8e        0x2 
 .text.TIM6_DAC_IRQHandler
                0x0000000008005d90       0x1c Core/Src/stm32f7xx_it.o
                0x0000000008005d90                TIM6_DAC_IRQHandler
 .text.LTDC_IRQHandler
                0x0000000008005dac       0x14 Core/Src/stm32f7xx_it.o
                0x0000000008005dac                LTDC_IRQHandler
 .text._sbrk    0x0000000008005dc0       0x6c Core/Src/sysmem.o
                0x0000000008005dc0                _sbrk
 .text.SystemInit
                0x0000000008005e2c       0x2c Core/Src/system_stm32f7xx.o
                0x0000000008005e2c                SystemInit
 .text.Reset_Handler
                0x0000000008005e58       0x50 Core/Startup/startup_stm32f746nghx.o
                0x0000000008005e58                Reset_Handler
 .text.Default_Handler
                0x0000000008005ea8        0x2 Core/Startup/startup_stm32f746nghx.o
                0x0000000008005ea8                RTC_Alarm_IRQHandler
                0x0000000008005ea8                EXTI2_IRQHandler
                0x0000000008005ea8                TIM8_CC_IRQHandler
                0x0000000008005ea8                UART8_IRQHandler
                0x0000000008005ea8                SPI4_IRQHandler
                0x0000000008005ea8                TIM1_CC_IRQHandler
                0x0000000008005ea8                DMA2_Stream5_IRQHandler
                0x0000000008005ea8                DMA1_Stream5_IRQHandler
                0x0000000008005ea8                PVD_IRQHandler
                0x0000000008005ea8                TAMP_STAMP_IRQHandler
                0x0000000008005ea8                CAN2_RX1_IRQHandler
                0x0000000008005ea8                EXTI3_IRQHandler
                0x0000000008005ea8                TIM8_TRG_COM_TIM14_IRQHandler
                0x0000000008005ea8                TIM1_UP_TIM10_IRQHandler
                0x0000000008005ea8                TIM8_UP_TIM13_IRQHandler
                0x0000000008005ea8                I2C3_ER_IRQHandler
                0x0000000008005ea8                EXTI0_IRQHandler
                0x0000000008005ea8                I2C2_EV_IRQHandler
                0x0000000008005ea8                DMA1_Stream2_IRQHandler
                0x0000000008005ea8                CAN1_RX0_IRQHandler
                0x0000000008005ea8                FPU_IRQHandler
                0x0000000008005ea8                OTG_HS_WKUP_IRQHandler
                0x0000000008005ea8                LTDC_ER_IRQHandler
                0x0000000008005ea8                CAN2_SCE_IRQHandler
                0x0000000008005ea8                DMA2_Stream2_IRQHandler
                0x0000000008005ea8                SPI1_IRQHandler
                0x0000000008005ea8                TIM1_BRK_TIM9_IRQHandler
                0x0000000008005ea8                DCMI_IRQHandler
                0x0000000008005ea8                CAN2_RX0_IRQHandler
                0x0000000008005ea8                DMA2_Stream3_IRQHandler
                0x0000000008005ea8                SAI2_IRQHandler
                0x0000000008005ea8                USART6_IRQHandler
                0x0000000008005ea8                USART3_IRQHandler
                0x0000000008005ea8                CAN1_RX1_IRQHandler
                0x0000000008005ea8                UART5_IRQHandler
                0x0000000008005ea8                DMA2_Stream0_IRQHandler
                0x0000000008005ea8                TIM4_IRQHandler
                0x0000000008005ea8                QUADSPI_IRQHandler
                0x0000000008005ea8                I2C1_EV_IRQHandler
                0x0000000008005ea8                DMA1_Stream6_IRQHandler
                0x0000000008005ea8                DMA1_Stream1_IRQHandler
                0x0000000008005ea8                UART4_IRQHandler
                0x0000000008005ea8                TIM3_IRQHandler
                0x0000000008005ea8                RCC_IRQHandler
                0x0000000008005ea8                TIM8_BRK_TIM12_IRQHandler
                0x0000000008005ea8                Default_Handler
                0x0000000008005ea8                CEC_IRQHandler
                0x0000000008005ea8                EXTI15_10_IRQHandler
                0x0000000008005ea8                ADC_IRQHandler
                0x0000000008005ea8                DMA1_Stream7_IRQHandler
                0x0000000008005ea8                SPI5_IRQHandler
                0x0000000008005ea8                TIM7_IRQHandler
                0x0000000008005ea8                SDMMC1_IRQHandler
                0x0000000008005ea8                CAN2_TX_IRQHandler
                0x0000000008005ea8                TIM5_IRQHandler
                0x0000000008005ea8                DMA2_Stream7_IRQHandler
                0x0000000008005ea8                I2C3_EV_IRQHandler
                0x0000000008005ea8                RTC_WKUP_IRQHandler
                0x0000000008005ea8                ETH_WKUP_IRQHandler
                0x0000000008005ea8                SPDIF_RX_IRQHandler
                0x0000000008005ea8                SPI2_IRQHandler
                0x0000000008005ea8                OTG_HS_EP1_IN_IRQHandler
                0x0000000008005ea8                DMA1_Stream0_IRQHandler
                0x0000000008005ea8                CAN1_TX_IRQHandler
                0x0000000008005ea8                EXTI4_IRQHandler
                0x0000000008005ea8                RNG_IRQHandler
                0x0000000008005ea8                ETH_IRQHandler
                0x0000000008005ea8                OTG_HS_EP1_OUT_IRQHandler
                0x0000000008005ea8                WWDG_IRQHandler
                0x0000000008005ea8                SPI6_IRQHandler
                0x0000000008005ea8                I2C4_EV_IRQHandler
                0x0000000008005ea8                TIM2_IRQHandler
                0x0000000008005ea8                OTG_FS_WKUP_IRQHandler
                0x0000000008005ea8                TIM1_TRG_COM_TIM11_IRQHandler
                0x0000000008005ea8                OTG_HS_IRQHandler
                0x0000000008005ea8                DMA2D_IRQHandler
                0x0000000008005ea8                EXTI1_IRQHandler
                0x0000000008005ea8                UART7_IRQHandler
                0x0000000008005ea8                USART2_IRQHandler
                0x0000000008005ea8                I2C2_ER_IRQHandler
                0x0000000008005ea8                DMA2_Stream1_IRQHandler
                0x0000000008005ea8                CAN1_SCE_IRQHandler
                0x0000000008005ea8                FLASH_IRQHandler
                0x0000000008005ea8                DMA2_Stream4_IRQHandler
                0x0000000008005ea8                USART1_IRQHandler
                0x0000000008005ea8                OTG_FS_IRQHandler
                0x0000000008005ea8                SPI3_IRQHandler
                0x0000000008005ea8                DMA1_Stream4_IRQHandler
                0x0000000008005ea8                I2C1_ER_IRQHandler
                0x0000000008005ea8                FMC_IRQHandler
                0x0000000008005ea8                LPTIM1_IRQHandler
                0x0000000008005ea8                I2C4_ER_IRQHandler
                0x0000000008005ea8                DMA2_Stream6_IRQHandler
                0x0000000008005ea8                SAI1_IRQHandler
                0x0000000008005ea8                DMA1_Stream3_IRQHandler
 .text.HAL_Init
                0x0000000008005eaa       0x1a Drivers/STM32F7xx_HAL_Driver/Src/stm32f7xx_hal.o
                0x0000000008005eaa                HAL_Init
 .text.HAL_IncTick
                0x0000000008005ec4       0x28 Drivers/STM32F7xx_HAL_Driver/Src/stm32f7xx_hal.o
                0x0000000008005ec4                HAL_IncTick
 .text.HAL_GetTick
                0x0000000008005eec       0x18 Drivers/STM32F7xx_HAL_Driver/Src/stm32f7xx_hal.o
                0x0000000008005eec                HAL_GetTick
 .text.HAL_Delay
                0x0000000008005f04       0x44 Drivers/STM32F7xx_HAL_Driver/Src/stm32f7xx_hal.o
                0x0000000008005f04                HAL_Delay
 .text.HAL_ADC_Init
                0x0000000008005f48       0x88 Drivers/STM32F7xx_HAL_Driver/Src/stm32f7xx_hal_adc.o
                0x0000000008005f48                HAL_ADC_Init
 .text.HAL_ADC_Start
                0x0000000008005fd0      0x180 Drivers/STM32F7xx_HAL_Driver/Src/stm32f7xx_hal_adc.o
                0x0000000008005fd0                HAL_ADC_Start
 .text.HAL_ADC_PollForConversion
                0x0000000008006150      0x108 Drivers/STM32F7xx_HAL_Driver/Src/stm32f7xx_hal_adc.o
                0x0000000008006150                HAL_ADC_PollForConversion
 .text.HAL_ADC_GetValue
                0x0000000008006258       0x1a Drivers/STM32F7xx_HAL_Driver/Src/stm32f7xx_hal_adc.o
                0x0000000008006258                HAL_ADC_GetValue
 *fill*         0x0000000008006272        0x2 
 .text.HAL_ADC_ConfigChannel
                0x0000000008006274      0x294 Drivers/STM32F7xx_HAL_Driver/Src/stm32f7xx_hal_adc.o
                0x0000000008006274                HAL_ADC_ConfigChannel
 .text.ADC_Init
                0x0000000008006508      0x1f4 Drivers/STM32F7xx_HAL_Driver/Src/stm32f7xx_hal_adc.o
 .text.__NVIC_SetPriorityGrouping
                0x00000000080066fc       0x48 Drivers/STM32F7xx_HAL_Driver/Src/stm32f7xx_hal_cortex.o
 .text.__NVIC_GetPriorityGrouping
                0x0000000008006744       0x1c Drivers/STM32F7xx_HAL_Driver/Src/stm32f7xx_hal_cortex.o
 .text.__NVIC_EnableIRQ
                0x0000000008006760       0x3c Drivers/STM32F7xx_HAL_Driver/Src/stm32f7xx_hal_cortex.o
 .text.__NVIC_SetPriority
                0x000000000800679c       0x54 Drivers/STM32F7xx_HAL_Driver/Src/stm32f7xx_hal_cortex.o
 .text.NVIC_EncodePriority
                0x00000000080067f0       0x66 Drivers/STM32F7xx_HAL_Driver/Src/stm32f7xx_hal_cortex.o
 .text.HAL_NVIC_SetPriorityGrouping
                0x0000000008006856       0x16 Drivers/STM32F7xx_HAL_Driver/Src/stm32f7xx_hal_cortex.o
                0x0000000008006856                HAL_NVIC_SetPriorityGrouping
 .text.HAL_NVIC_SetPriority
                0x000000000800686c       0x38 Drivers/STM32F7xx_HAL_Driver/Src/stm32f7xx_hal_cortex.o
                0x000000000800686c                HAL_NVIC_SetPriority
 .text.HAL_NVIC_EnableIRQ
                0x00000000080068a4       0x1c Drivers/STM32F7xx_HAL_Driver/Src/stm32f7xx_hal_cortex.o
                0x00000000080068a4                HAL_NVIC_EnableIRQ
 .text.HAL_DAC_Init
                0x00000000080068c0       0x44 Drivers/STM32F7xx_HAL_Driver/Src/stm32f7xx_hal_dac.o
                0x00000000080068c0                HAL_DAC_Init
 .text.HAL_DAC_IRQHandler
                0x0000000008006904       0x94 Drivers/STM32F7xx_HAL_Driver/Src/stm32f7xx_hal_dac.o
                0x0000000008006904                HAL_DAC_IRQHandler
 .text.HAL_DAC_DMAUnderrunCallbackCh1
                0x0000000008006998       0x14 Drivers/STM32F7xx_HAL_Driver/Src/stm32f7xx_hal_dac.o
                0x0000000008006998                HAL_DAC_DMAUnderrunCallbackCh1
 .text.HAL_DAC_ConfigChannel
                0x00000000080069ac       0x9a Drivers/STM32F7xx_HAL_Driver/Src/stm32f7xx_hal_dac.o
                0x00000000080069ac                HAL_DAC_ConfigChannel
 .text.HAL_DACEx_DMAUnderrunCallbackCh2
                0x0000000008006a46       0x14 Drivers/STM32F7xx_HAL_Driver/Src/stm32f7xx_hal_dac_ex.o
                0x0000000008006a46                HAL_DACEx_DMAUnderrunCallbackCh2
 *fill*         0x0000000008006a5a        0x2 
 .text.HAL_DMA_Init
                0x0000000008006a5c      0x15c Drivers/STM32F7xx_HAL_Driver/Src/stm32f7xx_hal_dma.o
                0x0000000008006a5c                HAL_DMA_Init
 .text.HAL_DMA_DeInit
                0x0000000008006bb8       0xbc Drivers/STM32F7xx_HAL_Driver/Src/stm32f7xx_hal_dma.o
                0x0000000008006bb8                HAL_DMA_DeInit
 .text.DMA_CalcBaseAndBitshift
                0x0000000008006c74       0x6c Drivers/STM32F7xx_HAL_Driver/Src/stm32f7xx_hal_dma.o
 .text.DMA_CheckFifoParam
                0x0000000008006ce0       0xf4 Drivers/STM32F7xx_HAL_Driver/Src/stm32f7xx_hal_dma.o
 .text.HAL_DMA2D_Init
                0x0000000008006dd4       0x94 Drivers/STM32F7xx_HAL_Driver/Src/stm32f7xx_hal_dma2d.o
                0x0000000008006dd4                HAL_DMA2D_Init
 .text.HAL_DMA2D_Start
                0x0000000008006e68       0x56 Drivers/STM32F7xx_HAL_Driver/Src/stm32f7xx_hal_dma2d.o
                0x0000000008006e68                HAL_DMA2D_Start
 .text.HAL_DMA2D_PollForTransfer
                0x0000000008006ebe      0x1d2 Drivers/STM32F7xx_HAL_Driver/Src/stm32f7xx_hal_dma2d.o
                0x0000000008006ebe                HAL_DMA2D_PollForTransfer
 .text.HAL_DMA2D_ConfigLayer
                0x0000000008007090      0x124 Drivers/STM32F7xx_HAL_Driver/Src/stm32f7xx_hal_dma2d.o
                0x0000000008007090                HAL_DMA2D_ConfigLayer
 .text.DMA2D_SetConfig
                0x00000000080071b4      0x138 Drivers/STM32F7xx_HAL_Driver/Src/stm32f7xx_hal_dma2d.o
 .text.HAL_GPIO_Init
                0x00000000080072ec      0x354 Drivers/STM32F7xx_HAL_Driver/Src/stm32f7xx_hal_gpio.o
                0x00000000080072ec                HAL_GPIO_Init
 .text.HAL_GPIO_DeInit
                0x0000000008007640      0x214 Drivers/STM32F7xx_HAL_Driver/Src/stm32f7xx_hal_gpio.o
                0x0000000008007640                HAL_GPIO_DeInit
 .text.HAL_GPIO_ReadPin
                0x0000000008007854       0x30 Drivers/STM32F7xx_HAL_Driver/Src/stm32f7xx_hal_gpio.o
                0x0000000008007854                HAL_GPIO_ReadPin
 .text.HAL_GPIO_WritePin
                0x0000000008007884       0x32 Drivers/STM32F7xx_HAL_Driver/Src/stm32f7xx_hal_gpio.o
                0x0000000008007884                HAL_GPIO_WritePin
 *fill*         0x00000000080078b6        0x2 
 .text.HAL_GPIO_EXTI_IRQHandler
                0x00000000080078b8       0x30 Drivers/STM32F7xx_HAL_Driver/Src/stm32f7xx_hal_gpio.o
                0x00000000080078b8                HAL_GPIO_EXTI_IRQHandler
 .text.HAL_I2C_Init
                0x00000000080078e8      0x120 Drivers/STM32F7xx_HAL_Driver/Src/stm32f7xx_hal_i2c.o
                0x00000000080078e8                HAL_I2C_Init
 .text.HAL_I2C_DeInit
                0x0000000008007a08       0x5e Drivers/STM32F7xx_HAL_Driver/Src/stm32f7xx_hal_i2c.o
                0x0000000008007a08                HAL_I2C_DeInit
 *fill*         0x0000000008007a66        0x2 
 .text.HAL_I2C_Mem_Write
                0x0000000008007a68      0x228 Drivers/STM32F7xx_HAL_Driver/Src/stm32f7xx_hal_i2c.o
                0x0000000008007a68                HAL_I2C_Mem_Write
 .text.HAL_I2C_Mem_Read
                0x0000000008007c90      0x234 Drivers/STM32F7xx_HAL_Driver/Src/stm32f7xx_hal_i2c.o
                0x0000000008007c90                HAL_I2C_Mem_Read
 .text.HAL_I2C_GetState
                0x0000000008007ec4       0x1c Drivers/STM32F7xx_HAL_Driver/Src/stm32f7xx_hal_i2c.o
                0x0000000008007ec4                HAL_I2C_GetState
 .text.I2C_RequestMemoryWrite
                0x0000000008007ee0       0xa8 Drivers/STM32F7xx_HAL_Driver/Src/stm32f7xx_hal_i2c.o
 .text.I2C_RequestMemoryRead
                0x0000000008007f88       0xa8 Drivers/STM32F7xx_HAL_Driver/Src/stm32f7xx_hal_i2c.o
 .text.I2C_Flush_TXDR
                0x0000000008008030       0x48 Drivers/STM32F7xx_HAL_Driver/Src/stm32f7xx_hal_i2c.o
 .text.I2C_WaitOnFlagUntilTimeout
                0x0000000008008078       0x80 Drivers/STM32F7xx_HAL_Driver/Src/stm32f7xx_hal_i2c.o
 .text.I2C_WaitOnTXISFlagUntilTimeout
                0x00000000080080f8       0x80 Drivers/STM32F7xx_HAL_Driver/Src/stm32f7xx_hal_i2c.o
 .text.I2C_WaitOnSTOPFlagUntilTimeout
                0x0000000008008178       0x78 Drivers/STM32F7xx_HAL_Driver/Src/stm32f7xx_hal_i2c.o
 .text.I2C_IsAcknowledgeFailed
                0x00000000080081f0       0xcc Drivers/STM32F7xx_HAL_Driver/Src/stm32f7xx_hal_i2c.o
 .text.I2C_TransferConfig
                0x00000000080082bc       0x5c Drivers/STM32F7xx_HAL_Driver/Src/stm32f7xx_hal_i2c.o
 .text.HAL_I2CEx_ConfigAnalogFilter
                0x0000000008008318       0x96 Drivers/STM32F7xx_HAL_Driver/Src/stm32f7xx_hal_i2c_ex.o
                0x0000000008008318                HAL_I2CEx_ConfigAnalogFilter
 .text.HAL_I2CEx_ConfigDigitalFilter
                0x00000000080083ae       0x98 Drivers/STM32F7xx_HAL_Driver/Src/stm32f7xx_hal_i2c_ex.o
                0x00000000080083ae                HAL_I2CEx_ConfigDigitalFilter
 *fill*         0x0000000008008446        0x2 
 .text.HAL_LTDC_Init
                0x0000000008008448      0x1a0 Drivers/STM32F7xx_HAL_Driver/Src/stm32f7xx_hal_ltdc.o
                0x0000000008008448                HAL_LTDC_Init
 .text.HAL_LTDC_IRQHandler
                0x00000000080085e8      0x148 Drivers/STM32F7xx_HAL_Driver/Src/stm32f7xx_hal_ltdc.o
                0x00000000080085e8                HAL_LTDC_IRQHandler
 .text.HAL_LTDC_ErrorCallback
                0x0000000008008730       0x14 Drivers/STM32F7xx_HAL_Driver/Src/stm32f7xx_hal_ltdc.o
                0x0000000008008730                HAL_LTDC_ErrorCallback
 .text.HAL_LTDC_LineEventCallback
                0x0000000008008744       0x14 Drivers/STM32F7xx_HAL_Driver/Src/stm32f7xx_hal_ltdc.o
                0x0000000008008744                HAL_LTDC_LineEventCallback
 .text.HAL_LTDC_ReloadEventCallback
                0x0000000008008758       0x14 Drivers/STM32F7xx_HAL_Driver/Src/stm32f7xx_hal_ltdc.o
                0x0000000008008758                HAL_LTDC_ReloadEventCallback
 .text.HAL_LTDC_ConfigLayer
                0x000000000800876c       0x7c Drivers/STM32F7xx_HAL_Driver/Src/stm32f7xx_hal_ltdc.o
                0x000000000800876c                HAL_LTDC_ConfigLayer
 .text.HAL_LTDC_GetState
                0x00000000080087e8       0x1c Drivers/STM32F7xx_HAL_Driver/Src/stm32f7xx_hal_ltdc.o
                0x00000000080087e8                HAL_LTDC_GetState
 .text.LTDC_SetConfig
                0x0000000008008804      0x334 Drivers/STM32F7xx_HAL_Driver/Src/stm32f7xx_hal_ltdc.o
 .text.HAL_PWR_EnableBkUpAccess
                0x0000000008008b38       0x20 Drivers/STM32F7xx_HAL_Driver/Src/stm32f7xx_hal_pwr.o
                0x0000000008008b38                HAL_PWR_EnableBkUpAccess
 .text.HAL_PWREx_EnableOverDrive
                0x0000000008008b58       0xa0 Drivers/STM32F7xx_HAL_Driver/Src/stm32f7xx_hal_pwr_ex.o
                0x0000000008008b58                HAL_PWREx_EnableOverDrive
 .text.HAL_RCC_OscConfig
                0x0000000008008bf8      0x548 Drivers/STM32F7xx_HAL_Driver/Src/stm32f7xx_hal_rcc.o
                0x0000000008008bf8                HAL_RCC_OscConfig
 .text.HAL_RCC_ClockConfig
                0x0000000008009140      0x1d8 Drivers/STM32F7xx_HAL_Driver/Src/stm32f7xx_hal_rcc.o
                0x0000000008009140                HAL_RCC_ClockConfig
 .text.HAL_RCC_GetSysClockFreq
                0x0000000008009318      0x164 Drivers/STM32F7xx_HAL_Driver/Src/stm32f7xx_hal_rcc.o
                0x0000000008009318                HAL_RCC_GetSysClockFreq
 .text.HAL_RCC_GetHCLKFreq
                0x000000000800947c       0x18 Drivers/STM32F7xx_HAL_Driver/Src/stm32f7xx_hal_rcc.o
                0x000000000800947c                HAL_RCC_GetHCLKFreq
 .text.HAL_RCC_GetPCLK1Freq
                0x0000000008009494       0x28 Drivers/STM32F7xx_HAL_Driver/Src/stm32f7xx_hal_rcc.o
                0x0000000008009494                HAL_RCC_GetPCLK1Freq
 .text.HAL_RCC_GetPCLK2Freq
                0x00000000080094bc       0x28 Drivers/STM32F7xx_HAL_Driver/Src/stm32f7xx_hal_rcc.o
                0x00000000080094bc                HAL_RCC_GetPCLK2Freq
 .text.HAL_RCC_GetClockConfig
                0x00000000080094e4       0x64 Drivers/STM32F7xx_HAL_Driver/Src/stm32f7xx_hal_rcc.o
                0x00000000080094e4                HAL_RCC_GetClockConfig
 .text.HAL_RCCEx_PeriphCLKConfig
                0x0000000008009548      0x7dc Drivers/STM32F7xx_HAL_Driver/Src/stm32f7xx_hal_rcc_ex.o
                0x0000000008009548                HAL_RCCEx_PeriphCLKConfig
 .text.HAL_RTC_Init
                0x0000000008009d24       0xf8 Drivers/STM32F7xx_HAL_Driver/Src/stm32f7xx_hal_rtc.o
                0x0000000008009d24                HAL_RTC_Init
 .text.HAL_RTC_SetTime
                0x0000000008009e1c      0x17c Drivers/STM32F7xx_HAL_Driver/Src/stm32f7xx_hal_rtc.o
                0x0000000008009e1c                HAL_RTC_SetTime
 .text.HAL_RTC_SetDate
                0x0000000008009f98      0x150 Drivers/STM32F7xx_HAL_Driver/Src/stm32f7xx_hal_rtc.o
                0x0000000008009f98                HAL_RTC_SetDate
 .text.HAL_RTC_SetAlarm
                0x000000000800a0e8      0x230 Drivers/STM32F7xx_HAL_Driver/Src/stm32f7xx_hal_rtc.o
                0x000000000800a0e8                HAL_RTC_SetAlarm
 .text.HAL_RTC_WaitForSynchro
                0x000000000800a318       0x50 Drivers/STM32F7xx_HAL_Driver/Src/stm32f7xx_hal_rtc.o
                0x000000000800a318                HAL_RTC_WaitForSynchro
 .text.RTC_EnterInitMode
                0x000000000800a368       0x58 Drivers/STM32F7xx_HAL_Driver/Src/stm32f7xx_hal_rtc.o
                0x000000000800a368                RTC_EnterInitMode
 .text.RTC_ByteToBcd2
                0x000000000800a3c0       0x3c Drivers/STM32F7xx_HAL_Driver/Src/stm32f7xx_hal_rtc.o
                0x000000000800a3c0                RTC_ByteToBcd2
 .text.HAL_RTCEx_SetTimeStamp
                0x000000000800a3fc       0xac Drivers/STM32F7xx_HAL_Driver/Src/stm32f7xx_hal_rtc_ex.o
                0x000000000800a3fc                HAL_RTCEx_SetTimeStamp
 .text.HAL_SDRAM_Init
                0x000000000800a4a8       0x68 Drivers/STM32F7xx_HAL_Driver/Src/stm32f7xx_hal_sdram.o
                0x000000000800a4a8                HAL_SDRAM_Init
 .text.HAL_SDRAM_SendCommand
                0x000000000800a510       0x56 Drivers/STM32F7xx_HAL_Driver/Src/stm32f7xx_hal_sdram.o
                0x000000000800a510                HAL_SDRAM_SendCommand
 .text.HAL_SDRAM_ProgramRefreshRate
                0x000000000800a566       0x40 Drivers/STM32F7xx_HAL_Driver/Src/stm32f7xx_hal_sdram.o
                0x000000000800a566                HAL_SDRAM_ProgramRefreshRate
 .text.HAL_SPI_Init
                0x000000000800a5a6      0x124 Drivers/STM32F7xx_HAL_Driver/Src/stm32f7xx_hal_spi.o
                0x000000000800a5a6                HAL_SPI_Init
 .text.HAL_TIM_Base_Init
                0x000000000800a6ca       0x56 Drivers/STM32F7xx_HAL_Driver/Src/stm32f7xx_hal_tim.o
                0x000000000800a6ca                HAL_TIM_Base_Init
 .text.HAL_TIM_Base_Start_IT
                0x000000000800a720       0x54 Drivers/STM32F7xx_HAL_Driver/Src/stm32f7xx_hal_tim.o
                0x000000000800a720                HAL_TIM_Base_Start_IT
 .text.HAL_TIM_PWM_Init
                0x000000000800a774       0x56 Drivers/STM32F7xx_HAL_Driver/Src/stm32f7xx_hal_tim.o
                0x000000000800a774                HAL_TIM_PWM_Init
 .text.HAL_TIM_PWM_MspInit
                0x000000000800a7ca       0x14 Drivers/STM32F7xx_HAL_Driver/Src/stm32f7xx_hal_tim.o
                0x000000000800a7ca                HAL_TIM_PWM_MspInit
 .text.HAL_TIM_IRQHandler
                0x000000000800a7de      0x23e Drivers/STM32F7xx_HAL_Driver/Src/stm32f7xx_hal_tim.o
                0x000000000800a7de                HAL_TIM_IRQHandler
 .text.HAL_TIM_PWM_ConfigChannel
                0x000000000800aa1c      0x230 Drivers/STM32F7xx_HAL_Driver/Src/stm32f7xx_hal_tim.o
                0x000000000800aa1c                HAL_TIM_PWM_ConfigChannel
 .text.HAL_TIM_ConfigClockSource
                0x000000000800ac4c      0x174 Drivers/STM32F7xx_HAL_Driver/Src/stm32f7xx_hal_tim.o
                0x000000000800ac4c                HAL_TIM_ConfigClockSource
 .text.HAL_TIM_SlaveConfigSynchro
                0x000000000800adc0       0x84 Drivers/STM32F7xx_HAL_Driver/Src/stm32f7xx_hal_tim.o
                0x000000000800adc0                HAL_TIM_SlaveConfigSynchro
 .text.HAL_TIM_OC_DelayElapsedCallback
                0x000000000800ae44       0x14 Drivers/STM32F7xx_HAL_Driver/Src/stm32f7xx_hal_tim.o
                0x000000000800ae44                HAL_TIM_OC_DelayElapsedCallback
 .text.HAL_TIM_IC_CaptureCallback
                0x000000000800ae58       0x14 Drivers/STM32F7xx_HAL_Driver/Src/stm32f7xx_hal_tim.o
                0x000000000800ae58                HAL_TIM_IC_CaptureCallback
 .text.HAL_TIM_PWM_PulseFinishedCallback
                0x000000000800ae6c       0x14 Drivers/STM32F7xx_HAL_Driver/Src/stm32f7xx_hal_tim.o
                0x000000000800ae6c                HAL_TIM_PWM_PulseFinishedCallback
 .text.HAL_TIM_TriggerCallback
                0x000000000800ae80       0x14 Drivers/STM32F7xx_HAL_Driver/Src/stm32f7xx_hal_tim.o
                0x000000000800ae80                HAL_TIM_TriggerCallback
 .text.TIM_Base_SetConfig
                0x000000000800ae94      0x140 Drivers/STM32F7xx_HAL_Driver/Src/stm32f7xx_hal_tim.o
                0x000000000800ae94                TIM_Base_SetConfig
 .text.TIM_OC1_SetConfig
                0x000000000800afd4       0xe4 Drivers/STM32F7xx_HAL_Driver/Src/stm32f7xx_hal_tim.o
 .text.TIM_OC2_SetConfig
                0x000000000800b0b8       0xf0 Drivers/STM32F7xx_HAL_Driver/Src/stm32f7xx_hal_tim.o
                0x000000000800b0b8                TIM_OC2_SetConfig
 .text.TIM_OC3_SetConfig
                0x000000000800b1a8       0xec Drivers/STM32F7xx_HAL_Driver/Src/stm32f7xx_hal_tim.o
 .text.TIM_OC4_SetConfig
                0x000000000800b294       0xb0 Drivers/STM32F7xx_HAL_Driver/Src/stm32f7xx_hal_tim.o
 .text.TIM_OC5_SetConfig
                0x000000000800b344       0xa4 Drivers/STM32F7xx_HAL_Driver/Src/stm32f7xx_hal_tim.o
 .text.TIM_OC6_SetConfig
                0x000000000800b3e8       0xa8 Drivers/STM32F7xx_HAL_Driver/Src/stm32f7xx_hal_tim.o
 .text.TIM_SlaveTimer_SetConfig
                0x000000000800b490      0x110 Drivers/STM32F7xx_HAL_Driver/Src/stm32f7xx_hal_tim.o
 .text.TIM_TI1_ConfigInputStage
                0x000000000800b5a0       0x5e Drivers/STM32F7xx_HAL_Driver/Src/stm32f7xx_hal_tim.o
 .text.TIM_TI2_ConfigInputStage
                0x000000000800b5fe       0x60 Drivers/STM32F7xx_HAL_Driver/Src/stm32f7xx_hal_tim.o
 .text.TIM_ITRx_SetConfig
                0x000000000800b65e       0x36 Drivers/STM32F7xx_HAL_Driver/Src/stm32f7xx_hal_tim.o
 .text.TIM_ETR_SetConfig
                0x000000000800b694       0x40 Drivers/STM32F7xx_HAL_Driver/Src/stm32f7xx_hal_tim.o
                0x000000000800b694                TIM_ETR_SetConfig
 .text.HAL_TIMEx_MasterConfigSynchronization
                0x000000000800b6d4      0x11c Drivers/STM32F7xx_HAL_Driver/Src/stm32f7xx_hal_tim_ex.o
                0x000000000800b6d4                HAL_TIMEx_MasterConfigSynchronization
 .text.HAL_TIMEx_ConfigBreakDeadTime
                0x000000000800b7f0       0xfc Drivers/STM32F7xx_HAL_Driver/Src/stm32f7xx_hal_tim_ex.o
                0x000000000800b7f0                HAL_TIMEx_ConfigBreakDeadTime
 .text.HAL_TIMEx_CommutCallback
                0x000000000800b8ec       0x14 Drivers/STM32F7xx_HAL_Driver/Src/stm32f7xx_hal_tim_ex.o
                0x000000000800b8ec                HAL_TIMEx_CommutCallback
 .text.HAL_TIMEx_BreakCallback
                0x000000000800b900       0x14 Drivers/STM32F7xx_HAL_Driver/Src/stm32f7xx_hal_tim_ex.o
                0x000000000800b900                HAL_TIMEx_BreakCallback
 .text.HAL_TIMEx_Break2Callback
                0x000000000800b914       0x14 Drivers/STM32F7xx_HAL_Driver/Src/stm32f7xx_hal_tim_ex.o
                0x000000000800b914                HAL_TIMEx_Break2Callback
 .text.HAL_UART_Init
                0x000000000800b928       0x9c Drivers/STM32F7xx_HAL_Driver/Src/stm32f7xx_hal_uart.o
                0x000000000800b928                HAL_UART_Init
 .text.UART_SetConfig
                0x000000000800b9c4      0x554 Drivers/STM32F7xx_HAL_Driver/Src/stm32f7xx_hal_uart.o
                0x000000000800b9c4                UART_SetConfig
 .text.UART_AdvFeatureConfig
                0x000000000800bf18      0x144 Drivers/STM32F7xx_HAL_Driver/Src/stm32f7xx_hal_uart.o
                0x000000000800bf18                UART_AdvFeatureConfig
 .text.UART_CheckIdleState
                0x000000000800c05c       0x5e Drivers/STM32F7xx_HAL_Driver/Src/stm32f7xx_hal_uart.o
                0x000000000800c05c                UART_CheckIdleState
 .text.UART_WaitOnFlagUntilTimeout
                0x000000000800c0ba       0xf6 Drivers/STM32F7xx_HAL_Driver/Src/stm32f7xx_hal_uart.o
                0x000000000800c0ba                UART_WaitOnFlagUntilTimeout
 .text.FMC_SDRAM_Init
                0x000000000800c1b0       0xe4 Drivers/STM32F7xx_HAL_Driver/Src/stm32f7xx_ll_fmc.o
                0x000000000800c1b0                FMC_SDRAM_Init
 .text.FMC_SDRAM_Timing_Init
                0x000000000800c294      0x100 Drivers/STM32F7xx_HAL_Driver/Src/stm32f7xx_ll_fmc.o
                0x000000000800c294                FMC_SDRAM_Timing_Init
 .text.FMC_SDRAM_SendCommand
                0x000000000800c394       0x42 Drivers/STM32F7xx_HAL_Driver/Src/stm32f7xx_ll_fmc.o
                0x000000000800c394                FMC_SDRAM_SendCommand
 .text.FMC_SDRAM_ProgramRefreshRate
                0x000000000800c3d6       0x26 Drivers/STM32F7xx_HAL_Driver/Src/stm32f7xx_ll_fmc.o
                0x000000000800c3d6                FMC_SDRAM_ProgramRefreshRate
 .text.makeFreeRtosPriority
                0x000000000800c3fc       0x30 Middlewares/Third_Party/FreeRTOS/Source/CMSIS_RTOS/cmsis_os.o
 .text.osKernelStart
                0x000000000800c42c        0xe Middlewares/Third_Party/FreeRTOS/Source/CMSIS_RTOS/cmsis_os.o
                0x000000000800c42c                osKernelStart
 .text.osThreadCreate
                0x000000000800c43a       0x98 Middlewares/Third_Party/FreeRTOS/Source/CMSIS_RTOS/cmsis_os.o
                0x000000000800c43a                osThreadCreate
 .text.osDelay  0x000000000800c4d2       0x28 Middlewares/Third_Party/FreeRTOS/Source/CMSIS_RTOS/cmsis_os.o
                0x000000000800c4d2                osDelay
 .text.osMutexCreate
                0x000000000800c4fa       0x30 Middlewares/Third_Party/FreeRTOS/Source/CMSIS_RTOS/cmsis_os.o
                0x000000000800c4fa                osMutexCreate
 .text.vListInitialise
                0x000000000800c52a       0x40 Middlewares/Third_Party/FreeRTOS/Source/list.o
                0x000000000800c52a                vListInitialise
 .text.vListInitialiseItem
                0x000000000800c56a       0x1a Middlewares/Third_Party/FreeRTOS/Source/list.o
                0x000000000800c56a                vListInitialiseItem
 .text.vListInsertEnd
                0x000000000800c584       0x48 Middlewares/Third_Party/FreeRTOS/Source/list.o
                0x000000000800c584                vListInsertEnd
 .text.vListInsert
                0x000000000800c5cc       0x72 Middlewares/Third_Party/FreeRTOS/Source/list.o
                0x000000000800c5cc                vListInsert
 .text.uxListRemove
                0x000000000800c63e       0x54 Middlewares/Third_Party/FreeRTOS/Source/list.o
                0x000000000800c63e                uxListRemove
 *fill*         0x000000000800c692        0x2 
 .text.xQueueGenericReset
                0x000000000800c694       0xd4 Middlewares/Third_Party/FreeRTOS/Source/queue.o
                0x000000000800c694                xQueueGenericReset
 .text.xQueueGenericCreateStatic
                0x000000000800c768       0xfa Middlewares/Third_Party/FreeRTOS/Source/queue.o
                0x000000000800c768                xQueueGenericCreateStatic
 .text.xQueueGenericCreate
                0x000000000800c862       0x82 Middlewares/Third_Party/FreeRTOS/Source/queue.o
                0x000000000800c862                xQueueGenericCreate
 .text.prvInitialiseNewQueue
                0x000000000800c8e4       0x3e Middlewares/Third_Party/FreeRTOS/Source/queue.o
 .text.prvInitialiseMutex
                0x000000000800c922       0x34 Middlewares/Third_Party/FreeRTOS/Source/queue.o
 .text.xQueueCreateMutex
                0x000000000800c956       0x30 Middlewares/Third_Party/FreeRTOS/Source/queue.o
                0x000000000800c956                xQueueCreateMutex
 .text.xQueueCreateMutexStatic
                0x000000000800c986       0x36 Middlewares/Third_Party/FreeRTOS/Source/queue.o
                0x000000000800c986                xQueueCreateMutexStatic
 .text.xQueueGenericSend
                0x000000000800c9bc      0x204 Middlewares/Third_Party/FreeRTOS/Source/queue.o
                0x000000000800c9bc                xQueueGenericSend
 .text.xQueueSemaphoreTake
                0x000000000800cbc0      0x220 Middlewares/Third_Party/FreeRTOS/Source/queue.o
                0x000000000800cbc0                xQueueSemaphoreTake
 .text.prvGetDisinheritPriorityAfterTimeout
                0x000000000800cde0       0x30 Middlewares/Third_Party/FreeRTOS/Source/queue.o
 .text.prvCopyDataToQueue
                0x000000000800ce10       0xd4 Middlewares/Third_Party/FreeRTOS/Source/queue.o
 .text.prvUnlockQueue
                0x000000000800cee4       0xa4 Middlewares/Third_Party/FreeRTOS/Source/queue.o
 .text.prvIsQueueEmpty
                0x000000000800cf88       0x2c Middlewares/Third_Party/FreeRTOS/Source/queue.o
 .text.prvIsQueueFull
                0x000000000800cfb4       0x30 Middlewares/Third_Party/FreeRTOS/Source/queue.o
 .text.xTaskCreateStatic
                0x000000000800cfe4       0xc0 Middlewares/Third_Party/FreeRTOS/Source/tasks.o
                0x000000000800cfe4                xTaskCreateStatic
 .text.xTaskCreate
                0x000000000800d0a4       0x8a Middlewares/Third_Party/FreeRTOS/Source/tasks.o
                0x000000000800d0a4                xTaskCreate
 .text.prvInitialiseNewTask
                0x000000000800d12e      0x126 Middlewares/Third_Party/FreeRTOS/Source/tasks.o
 .text.prvAddNewTaskToReadyList
                0x000000000800d254       0xd4 Middlewares/Third_Party/FreeRTOS/Source/tasks.o
 .text.vTaskDelayUntil
                0x000000000800d328      0x100 Middlewares/Third_Party/FreeRTOS/Source/tasks.o
                0x000000000800d328                vTaskDelayUntil
 .text.vTaskDelay
                0x000000000800d428       0x6c Middlewares/Third_Party/FreeRTOS/Source/tasks.o
                0x000000000800d428                vTaskDelay
 .text.vTaskStartScheduler
                0x000000000800d494       0xc4 Middlewares/Third_Party/FreeRTOS/Source/tasks.o
                0x000000000800d494                vTaskStartScheduler
 .text.vTaskSuspendAll
                0x000000000800d558       0x1c Middlewares/Third_Party/FreeRTOS/Source/tasks.o
                0x000000000800d558                vTaskSuspendAll
 .text.xTaskResumeAll
                0x000000000800d574      0x13c Middlewares/Third_Party/FreeRTOS/Source/tasks.o
                0x000000000800d574                xTaskResumeAll
 .text.xTaskGetTickCount
                0x000000000800d6b0       0x20 Middlewares/Third_Party/FreeRTOS/Source/tasks.o
                0x000000000800d6b0                xTaskGetTickCount
 .text.xTaskIncrementTick
                0x000000000800d6d0      0x174 Middlewares/Third_Party/FreeRTOS/Source/tasks.o
                0x000000000800d6d0                xTaskIncrementTick
 .text.vTaskSwitchContext
                0x000000000800d844      0x104 Middlewares/Third_Party/FreeRTOS/Source/tasks.o
                0x000000000800d844                vTaskSwitchContext
 .text.vTaskPlaceOnEventList
                0x000000000800d948       0x4c Middlewares/Third_Party/FreeRTOS/Source/tasks.o
                0x000000000800d948                vTaskPlaceOnEventList
 .text.xTaskRemoveFromEventList
                0x000000000800d994       0xc8 Middlewares/Third_Party/FreeRTOS/Source/tasks.o
                0x000000000800d994                xTaskRemoveFromEventList
 .text.vTaskInternalSetTimeOutState
                0x000000000800da5c       0x2c Middlewares/Third_Party/FreeRTOS/Source/tasks.o
                0x000000000800da5c                vTaskInternalSetTimeOutState
 .text.xTaskCheckForTimeOut
                0x000000000800da88       0xc8 Middlewares/Third_Party/FreeRTOS/Source/tasks.o
                0x000000000800da88                xTaskCheckForTimeOut
 .text.vTaskMissedYield
                0x000000000800db50       0x18 Middlewares/Third_Party/FreeRTOS/Source/tasks.o
                0x000000000800db50                vTaskMissedYield
 .text.prvIdleTask
                0x000000000800db68       0x34 Middlewares/Third_Party/FreeRTOS/Source/tasks.o
 .text.prvInitialiseTaskLists
                0x000000000800db9c       0x80 Middlewares/Third_Party/FreeRTOS/Source/tasks.o
 .text.prvCheckTasksWaitingTermination
                0x000000000800dc1c       0x58 Middlewares/Third_Party/FreeRTOS/Source/tasks.o
 .text.prvDeleteTCB
                0x000000000800dc74       0x60 Middlewares/Third_Party/FreeRTOS/Source/tasks.o
 .text.prvResetNextTaskUnblockTime
                0x000000000800dcd4       0x40 Middlewares/Third_Party/FreeRTOS/Source/tasks.o
 .text.xTaskGetSchedulerState
                0x000000000800dd14       0x3c Middlewares/Third_Party/FreeRTOS/Source/tasks.o
                0x000000000800dd14                xTaskGetSchedulerState
 .text.xTaskPriorityInherit
                0x000000000800dd50      0x100 Middlewares/Third_Party/FreeRTOS/Source/tasks.o
                0x000000000800dd50                xTaskPriorityInherit
 .text.xTaskPriorityDisinherit
                0x000000000800de50      0x110 Middlewares/Third_Party/FreeRTOS/Source/tasks.o
                0x000000000800de50                xTaskPriorityDisinherit
 .text.vTaskPriorityDisinheritAfterTimeout
                0x000000000800df60      0x138 Middlewares/Third_Party/FreeRTOS/Source/tasks.o
                0x000000000800df60                vTaskPriorityDisinheritAfterTimeout
 .text.pvTaskIncrementMutexHeldCount
                0x000000000800e098       0x28 Middlewares/Third_Party/FreeRTOS/Source/tasks.o
                0x000000000800e098                pvTaskIncrementMutexHeldCount
 .text.prvAddCurrentTaskToDelayedList
                0x000000000800e0c0       0xcc Middlewares/Third_Party/FreeRTOS/Source/tasks.o
 .text.pxPortInitialiseStack
                0x000000000800e18c       0x68 Middlewares/Third_Party/FreeRTOS/Source/portable/GCC/ARM_CM7/r0p1/port.o
                0x000000000800e18c                pxPortInitialiseStack
 .text.prvTaskExitError
                0x000000000800e1f4       0x5c Middlewares/Third_Party/FreeRTOS/Source/portable/GCC/ARM_CM7/r0p1/port.o
 .text.SVC_Handler
                0x000000000800e250       0x28 Middlewares/Third_Party/FreeRTOS/Source/portable/GCC/ARM_CM7/r0p1/port.o
                0x000000000800e250                SVC_Handler
 .text.prvPortStartFirstTask
                0x000000000800e278       0x28 Middlewares/Third_Party/FreeRTOS/Source/portable/GCC/ARM_CM7/r0p1/port.o
 .text.xPortStartScheduler
                0x000000000800e2a0       0xf8 Middlewares/Third_Party/FreeRTOS/Source/portable/GCC/ARM_CM7/r0p1/port.o
                0x000000000800e2a0                xPortStartScheduler
 .text.vPortEnterCritical
                0x000000000800e398       0x64 Middlewares/Third_Party/FreeRTOS/Source/portable/GCC/ARM_CM7/r0p1/port.o
                0x000000000800e398                vPortEnterCritical
 .text.vPortExitCritical
                0x000000000800e3fc       0x54 Middlewares/Third_Party/FreeRTOS/Source/portable/GCC/ARM_CM7/r0p1/port.o
                0x000000000800e3fc                vPortExitCritical
 .text.PendSV_Handler
                0x000000000800e450       0x68 Middlewares/Third_Party/FreeRTOS/Source/portable/GCC/ARM_CM7/r0p1/port.o
                0x000000000800e450                PendSV_Handler
 .text.SysTick_Handler
                0x000000000800e4b8       0x44 Middlewares/Third_Party/FreeRTOS/Source/portable/GCC/ARM_CM7/r0p1/port.o
                0x000000000800e4b8                SysTick_Handler
 .text.vPortSetupTimerInterrupt
                0x000000000800e4fc       0x48 Middlewares/Third_Party/FreeRTOS/Source/portable/GCC/ARM_CM7/r0p1/port.o
                0x000000000800e4fc                vPortSetupTimerInterrupt
 .text.vPortEnableVFP
                0x000000000800e544       0x14 Middlewares/Third_Party/FreeRTOS/Source/portable/GCC/ARM_CM7/r0p1/port.o
 .text.pvPortMalloc
                0x000000000800e558      0x198 Middlewares/Third_Party/FreeRTOS/Source/portable/MemMang/heap_4.o
                0x000000000800e558                pvPortMalloc
 .text.vPortFree
                0x000000000800e6f0       0xb8 Middlewares/Third_Party/FreeRTOS/Source/portable/MemMang/heap_4.o
                0x000000000800e6f0                vPortFree
 .text.prvHeapInit
                0x000000000800e7a8       0xc4 Middlewares/Third_Party/FreeRTOS/Source/portable/MemMang/heap_4.o
 .text.prvInsertBlockIntoFreeList
                0x000000000800e86c       0xb4 Middlewares/Third_Party/FreeRTOS/Source/portable/MemMang/heap_4.o
 .text.__errno  0x000000000800e920        0xc c:/st/stm32cubeide_1.5.1/stm32cubeide/plugins/com.st.stm32cube.ide.mcu.externaltools.gnu-tools-for-stm32.7-2018-q2-update.win32_1.5.0.202011040924/tools/bin/../lib/gcc/arm-none-eabi/7.3.1/../../../../arm-none-eabi/lib/thumb/v7e-m/fpv4-sp/hard\libc_nano.a(lib_a-errno.o)
                0x000000000800e920                __errno
 .text.__libc_init_array
                0x000000000800e92c       0x48 c:/st/stm32cubeide_1.5.1/stm32cubeide/plugins/com.st.stm32cube.ide.mcu.externaltools.gnu-tools-for-stm32.7-2018-q2-update.win32_1.5.0.202011040924/tools/bin/../lib/gcc/arm-none-eabi/7.3.1/../../../../arm-none-eabi/lib/thumb/v7e-m/fpv4-sp/hard\libc_nano.a(lib_a-init.o)
                0x000000000800e92c                __libc_init_array
 .text.memcpy   0x000000000800e974       0x16 c:/st/stm32cubeide_1.5.1/stm32cubeide/plugins/com.st.stm32cube.ide.mcu.externaltools.gnu-tools-for-stm32.7-2018-q2-update.win32_1.5.0.202011040924/tools/bin/../lib/gcc/arm-none-eabi/7.3.1/../../../../arm-none-eabi/lib/thumb/v7e-m/fpv4-sp/hard\libc_nano.a(lib_a-memcpy-stub.o)
                0x000000000800e974                memcpy
 .text.memset   0x000000000800e98a       0x10 c:/st/stm32cubeide_1.5.1/stm32cubeide/plugins/com.st.stm32cube.ide.mcu.externaltools.gnu-tools-for-stm32.7-2018-q2-update.win32_1.5.0.202011040924/tools/bin/../lib/gcc/arm-none-eabi/7.3.1/../../../../arm-none-eabi/lib/thumb/v7e-m/fpv4-sp/hard\libc_nano.a(lib_a-memset.o)
                0x000000000800e98a                memset
 *fill*         0x000000000800e99a        0x2 
 .text.sprintf  0x000000000800e99c       0x40 c:/st/stm32cubeide_1.5.1/stm32cubeide/plugins/com.st.stm32cube.ide.mcu.externaltools.gnu-tools-for-stm32.7-2018-q2-update.win32_1.5.0.202011040924/tools/bin/../lib/gcc/arm-none-eabi/7.3.1/../../../../arm-none-eabi/lib/thumb/v7e-m/fpv4-sp/hard\libc_nano.a(lib_a-sprintf.o)
                0x000000000800e99c                siprintf
                0x000000000800e99c                sprintf
 .text.__ssputs_r
                0x000000000800e9dc       0xb4 c:/st/stm32cubeide_1.5.1/stm32cubeide/plugins/com.st.stm32cube.ide.mcu.externaltools.gnu-tools-for-stm32.7-2018-q2-update.win32_1.5.0.202011040924/tools/bin/../lib/gcc/arm-none-eabi/7.3.1/../../../../arm-none-eabi/lib/thumb/v7e-m/fpv4-sp/hard\libc_nano.a(lib_a-nano-svfprintf.o)
                0x000000000800e9dc                __ssputs_r
 .text._svfprintf_r
                0x000000000800ea90      0x1f0 c:/st/stm32cubeide_1.5.1/stm32cubeide/plugins/com.st.stm32cube.ide.mcu.externaltools.gnu-tools-for-stm32.7-2018-q2-update.win32_1.5.0.202011040924/tools/bin/../lib/gcc/arm-none-eabi/7.3.1/../../../../arm-none-eabi/lib/thumb/v7e-m/fpv4-sp/hard\libc_nano.a(lib_a-nano-svfprintf.o)
                0x000000000800ea90                _svfiprintf_r
                0x000000000800ea90                _svfprintf_r
 .text._printf_common
                0x000000000800ec80       0xea c:/st/stm32cubeide_1.5.1/stm32cubeide/plugins/com.st.stm32cube.ide.mcu.externaltools.gnu-tools-for-stm32.7-2018-q2-update.win32_1.5.0.202011040924/tools/bin/../lib/gcc/arm-none-eabi/7.3.1/../../../../arm-none-eabi/lib/thumb/v7e-m/fpv4-sp/hard\libc_nano.a(lib_a-nano-vfprintf_i.o)
                0x000000000800ec80                _printf_common
 *fill*         0x000000000800ed6a        0x2 
 .text._printf_i
                0x000000000800ed6c      0x224 c:/st/stm32cubeide_1.5.1/stm32cubeide/plugins/com.st.stm32cube.ide.mcu.externaltools.gnu-tools-for-stm32.7-2018-q2-update.win32_1.5.0.202011040924/tools/bin/../lib/gcc/arm-none-eabi/7.3.1/../../../../arm-none-eabi/lib/thumb/v7e-m/fpv4-sp/hard\libc_nano.a(lib_a-nano-vfprintf_i.o)
                0x000000000800ed6c                _printf_i
 .text.memmove  0x000000000800ef90       0x32 c:/st/stm32cubeide_1.5.1/stm32cubeide/plugins/com.st.stm32cube.ide.mcu.externaltools.gnu-tools-for-stm32.7-2018-q2-update.win32_1.5.0.202011040924/tools/bin/../lib/gcc/arm-none-eabi/7.3.1/../../../../arm-none-eabi/lib/thumb/v7e-m/fpv4-sp/hard\libc_nano.a(lib_a-memmove.o)
                0x000000000800ef90                memmove
 *fill*         0x000000000800efc2        0x2 
 .text._free_r  0x000000000800efc4       0x9c c:/st/stm32cubeide_1.5.1/stm32cubeide/plugins/com.st.stm32cube.ide.mcu.externaltools.gnu-tools-for-stm32.7-2018-q2-update.win32_1.5.0.202011040924/tools/bin/../lib/gcc/arm-none-eabi/7.3.1/../../../../arm-none-eabi/lib/thumb/v7e-m/fpv4-sp/hard\libc_nano.a(lib_a-nano-freer.o)
                0x000000000800efc4                _free_r
 .text._malloc_r
                0x000000000800f060       0xb4 c:/st/stm32cubeide_1.5.1/stm32cubeide/plugins/com.st.stm32cube.ide.mcu.externaltools.gnu-tools-for-stm32.7-2018-q2-update.win32_1.5.0.202011040924/tools/bin/../lib/gcc/arm-none-eabi/7.3.1/../../../../arm-none-eabi/lib/thumb/v7e-m/fpv4-sp/hard\libc_nano.a(lib_a-nano-mallocr.o)
                0x000000000800f060                _malloc_r
 .text._realloc_r
                0x000000000800f114       0x4c c:/st/stm32cubeide_1.5.1/stm32cubeide/plugins/com.st.stm32cube.ide.mcu.externaltools.gnu-tools-for-stm32.7-2018-q2-update.win32_1.5.0.202011040924/tools/bin/../lib/gcc/arm-none-eabi/7.3.1/../../../../arm-none-eabi/lib/thumb/v7e-m/fpv4-sp/hard\libc_nano.a(lib_a-nano-reallocr.o)
                0x000000000800f114                _realloc_r
 .text._sbrk_r  0x000000000800f160       0x20 c:/st/stm32cubeide_1.5.1/stm32cubeide/plugins/com.st.stm32cube.ide.mcu.externaltools.gnu-tools-for-stm32.7-2018-q2-update.win32_1.5.0.202011040924/tools/bin/../lib/gcc/arm-none-eabi/7.3.1/../../../../arm-none-eabi/lib/thumb/v7e-m/fpv4-sp/hard\libc_nano.a(lib_a-sbrkr.o)
                0x000000000800f160                _sbrk_r
 .text.__malloc_lock
                0x000000000800f180        0x2 c:/st/stm32cubeide_1.5.1/stm32cubeide/plugins/com.st.stm32cube.ide.mcu.externaltools.gnu-tools-for-stm32.7-2018-q2-update.win32_1.5.0.202011040924/tools/bin/../lib/gcc/arm-none-eabi/7.3.1/../../../../arm-none-eabi/lib/thumb/v7e-m/fpv4-sp/hard\libc_nano.a(lib_a-mlock.o)
                0x000000000800f180                __malloc_lock
 .text.__malloc_unlock
                0x000000000800f182        0x2 c:/st/stm32cubeide_1.5.1/stm32cubeide/plugins/com.st.stm32cube.ide.mcu.externaltools.gnu-tools-for-stm32.7-2018-q2-update.win32_1.5.0.202011040924/tools/bin/../lib/gcc/arm-none-eabi/7.3.1/../../../../arm-none-eabi/lib/thumb/v7e-m/fpv4-sp/hard\libc_nano.a(lib_a-mlock.o)
                0x000000000800f182                __malloc_unlock
 .text._malloc_usable_size_r
                0x000000000800f184       0x10 c:/st/stm32cubeide_1.5.1/stm32cubeide/plugins/com.st.stm32cube.ide.mcu.externaltools.gnu-tools-for-stm32.7-2018-q2-update.win32_1.5.0.202011040924/tools/bin/../lib/gcc/arm-none-eabi/7.3.1/../../../../arm-none-eabi/lib/thumb/v7e-m/fpv4-sp/hard\libc_nano.a(lib_a-nano-msizer.o)
                0x000000000800f184                _malloc_usable_size_r
 *(.glue_7)
 .glue_7        0x000000000800f194        0x0 linker stubs
 *(.glue_7t)
 .glue_7t       0x000000000800f194        0x0 linker stubs
 *(.eh_frame)
 .eh_frame      0x000000000800f194        0x0 c:/st/stm32cubeide_1.5.1/stm32cubeide/plugins/com.st.stm32cube.ide.mcu.externaltools.gnu-tools-for-stm32.7-2018-q2-update.win32_1.5.0.202011040924/tools/bin/../lib/gcc/arm-none-eabi/7.3.1/thumb/v7e-m/fpv4-sp/hard/crtbegin.o
 *(.init)
 .init          0x000000000800f194        0x4 c:/st/stm32cubeide_1.5.1/stm32cubeide/plugins/com.st.stm32cube.ide.mcu.externaltools.gnu-tools-for-stm32.7-2018-q2-update.win32_1.5.0.202011040924/tools/bin/../lib/gcc/arm-none-eabi/7.3.1/thumb/v7e-m/fpv4-sp/hard/crti.o
                0x000000000800f194                _init
 .init          0x000000000800f198        0x8 c:/st/stm32cubeide_1.5.1/stm32cubeide/plugins/com.st.stm32cube.ide.mcu.externaltools.gnu-tools-for-stm32.7-2018-q2-update.win32_1.5.0.202011040924/tools/bin/../lib/gcc/arm-none-eabi/7.3.1/thumb/v7e-m/fpv4-sp/hard/crtn.o
 *(.fini)
 .fini          0x000000000800f1a0        0x4 c:/st/stm32cubeide_1.5.1/stm32cubeide/plugins/com.st.stm32cube.ide.mcu.externaltools.gnu-tools-for-stm32.7-2018-q2-update.win32_1.5.0.202011040924/tools/bin/../lib/gcc/arm-none-eabi/7.3.1/thumb/v7e-m/fpv4-sp/hard/crti.o
                0x000000000800f1a0                _fini
 .fini          0x000000000800f1a4        0x8 c:/st/stm32cubeide_1.5.1/stm32cubeide/plugins/com.st.stm32cube.ide.mcu.externaltools.gnu-tools-for-stm32.7-2018-q2-update.win32_1.5.0.202011040924/tools/bin/../lib/gcc/arm-none-eabi/7.3.1/thumb/v7e-m/fpv4-sp/hard/crtn.o
                0x000000000800f1ac                . = ALIGN (0x4)
                0x000000000800f1ac                _etext = .

.vfp11_veneer   0x000000000800f1ac        0x0
 .vfp11_veneer  0x000000000800f1ac        0x0 linker stubs

.v4_bx          0x000000000800f1ac        0x0
 .v4_bx         0x000000000800f1ac        0x0 linker stubs

.iplt           0x000000000800f1ac        0x0
 .iplt          0x000000000800f1ac        0x0 c:/st/stm32cubeide_1.5.1/stm32cubeide/plugins/com.st.stm32cube.ide.mcu.externaltools.gnu-tools-for-stm32.7-2018-q2-update.win32_1.5.0.202011040924/tools/bin/../lib/gcc/arm-none-eabi/7.3.1/thumb/v7e-m/fpv4-sp/hard/crtbegin.o

.rodata         0x000000000800f1ac     0x2158
                0x000000000800f1ac                . = ALIGN (0x4)
 *(.rodata)
 .rodata        0x000000000800f1ac      0x1cd Core/Src/main.o
 *fill*         0x000000000800f379        0x3 
 .rodata        0x000000000800f37c        0x5 Middlewares/Third_Party/FreeRTOS/Source/tasks.o
 *(.rodata*)
 *fill*         0x000000000800f381        0x3 
 .rodata.Font24_Table
                0x000000000800f384     0x1ab8 Core/Src/stm32746g_discovery_lcd.o
                0x000000000800f384                Font24_Table
 .rodata.Font12_Table
                0x0000000008010e3c      0x474 Core/Src/stm32746g_discovery_lcd.o
                0x0000000008010e3c                Font12_Table
 .rodata.AHBPrescTable
                0x00000000080112b0       0x10 Core/Src/system_stm32f7xx.o
                0x00000000080112b0                AHBPrescTable
 .rodata.APBPrescTable
                0x00000000080112c0        0x8 Core/Src/system_stm32f7xx.o
                0x00000000080112c0                APBPrescTable
 .rodata.flagBitshiftOffset.9876
                0x00000000080112c8        0x8 Drivers/STM32F7xx_HAL_Driver/Src/stm32f7xx_hal_dma.o
 .rodata._svfprintf_r.str1.1
                0x00000000080112d0       0x11 c:/st/stm32cubeide_1.5.1/stm32cubeide/plugins/com.st.stm32cube.ide.mcu.externaltools.gnu-tools-for-stm32.7-2018-q2-update.win32_1.5.0.202011040924/tools/bin/../lib/gcc/arm-none-eabi/7.3.1/../../../../arm-none-eabi/lib/thumb/v7e-m/fpv4-sp/hard\libc_nano.a(lib_a-nano-svfprintf.o)
 .rodata._printf_i.str1.1
                0x00000000080112e1       0x22 c:/st/stm32cubeide_1.5.1/stm32cubeide/plugins/com.st.stm32cube.ide.mcu.externaltools.gnu-tools-for-stm32.7-2018-q2-update.win32_1.5.0.202011040924/tools/bin/../lib/gcc/arm-none-eabi/7.3.1/../../../../arm-none-eabi/lib/thumb/v7e-m/fpv4-sp/hard\libc_nano.a(lib_a-nano-vfprintf_i.o)
                0x0000000008011304                . = ALIGN (0x4)
 *fill*         0x0000000008011303        0x1 

.ARM.extab      0x0000000008011304        0x0
                0x0000000008011304                . = ALIGN (0x4)
 *(.ARM.extab* .gnu.linkonce.armextab.*)
                0x0000000008011304                . = ALIGN (0x4)

.ARM            0x0000000008011304        0x8
                0x0000000008011304                . = ALIGN (0x4)
                0x0000000008011304                __exidx_start = .
 *(.ARM.exidx*)
 .ARM.exidx     0x0000000008011304        0x8 c:/st/stm32cubeide_1.5.1/stm32cubeide/plugins/com.st.stm32cube.ide.mcu.externaltools.gnu-tools-for-stm32.7-2018-q2-update.win32_1.5.0.202011040924/tools/bin/../lib/gcc/arm-none-eabi/7.3.1/thumb/v7e-m/fpv4-sp/hard\libgcc.a(_udivmoddi4.o)
                0x000000000801130c                __exidx_end = .
                0x000000000801130c                . = ALIGN (0x4)

.rel.dyn        0x000000000801130c        0x0
 .rel.iplt      0x000000000801130c        0x0 c:/st/stm32cubeide_1.5.1/stm32cubeide/plugins/com.st.stm32cube.ide.mcu.externaltools.gnu-tools-for-stm32.7-2018-q2-update.win32_1.5.0.202011040924/tools/bin/../lib/gcc/arm-none-eabi/7.3.1/thumb/v7e-m/fpv4-sp/hard/crtbegin.o

.preinit_array  0x000000000801130c        0x0
                0x000000000801130c                . = ALIGN (0x4)
                0x000000000801130c                PROVIDE (__preinit_array_start = .)
 *(.preinit_array*)
                0x000000000801130c                PROVIDE (__preinit_array_end = .)
                0x000000000801130c                . = ALIGN (0x4)

.init_array     0x000000000801130c        0x4
                0x000000000801130c                . = ALIGN (0x4)
                0x000000000801130c                PROVIDE (__init_array_start = .)
 *(SORT_BY_NAME(.init_array.*))
 *(.init_array*)
 .init_array    0x000000000801130c        0x4 c:/st/stm32cubeide_1.5.1/stm32cubeide/plugins/com.st.stm32cube.ide.mcu.externaltools.gnu-tools-for-stm32.7-2018-q2-update.win32_1.5.0.202011040924/tools/bin/../lib/gcc/arm-none-eabi/7.3.1/thumb/v7e-m/fpv4-sp/hard/crtbegin.o
                0x0000000008011310                PROVIDE (__init_array_end = .)
                0x0000000008011310                . = ALIGN (0x4)

.fini_array     0x0000000008011310        0x4
                0x0000000008011310                . = ALIGN (0x4)
                [!provide]                        PROVIDE (__fini_array_start = .)
 *(SORT_BY_NAME(.fini_array.*))
 *(.fini_array*)
 .fini_array    0x0000000008011310        0x4 c:/st/stm32cubeide_1.5.1/stm32cubeide/plugins/com.st.stm32cube.ide.mcu.externaltools.gnu-tools-for-stm32.7-2018-q2-update.win32_1.5.0.202011040924/tools/bin/../lib/gcc/arm-none-eabi/7.3.1/thumb/v7e-m/fpv4-sp/hard/crtbegin.o
                [!provide]                        PROVIDE (__fini_array_end = .)
                0x0000000008011314                . = ALIGN (0x4)
                0x0000000008011314                _sidata = LOADADDR (.data)

.data           0x0000000020000000     0x10a4 load address 0x0000000008011314
                0x0000000020000000                . = ALIGN (0x4)
                0x0000000020000000                _sdata = .
 *(.data)
 *(.data*)
 .data.ft5336_ts_drv
                0x0000000020000000       0x28 Core/Src/ft5336.o
                0x0000000020000000                ft5336_ts_drv
 .data.brush_remplir
                0x0000000020000028      0xff0 Core/Src/main.o
                0x0000000020000028                brush_remplir
 .data.radius   0x0000000020001018        0x1 Core/Src/main.o
                0x0000000020001018                radius
 .data.brush    0x0000000020001019        0x1 Core/Src/main.o
                0x0000000020001019                brush
 .data.etat     0x000000002000101a        0x1 Core/Src/main.o
                0x000000002000101a                etat
 .data.etat_int
                0x000000002000101b        0x1 Core/Src/main.o
                0x000000002000101b                etat_int
 .data.Font24   0x000000002000101c        0x8 Core/Src/stm32746g_discovery_lcd.o
                0x000000002000101c                Font24
 .data.Font12   0x0000000020001024        0x8 Core/Src/stm32746g_discovery_lcd.o
                0x0000000020001024                Font12
 .data.sdramstatus.9792
                0x000000002000102c        0x1 Core/Src/stm32746g_discovery_sdram.o
 *fill*         0x000000002000102d        0x3 
 .data.SystemCoreClock
                0x0000000020001030        0x4 Core/Src/system_stm32f7xx.o
                0x0000000020001030                SystemCoreClock
 .data.uwTickPrio
                0x0000000020001034        0x4 Drivers/STM32F7xx_HAL_Driver/Src/stm32f7xx_hal.o
                0x0000000020001034                uwTickPrio
 .data.uwTickFreq
                0x0000000020001038        0x1 Drivers/STM32F7xx_HAL_Driver/Src/stm32f7xx_hal.o
                0x0000000020001038                uwTickFreq
 *fill*         0x0000000020001039        0x3 
 .data.uxCriticalNesting
                0x000000002000103c        0x4 Middlewares/Third_Party/FreeRTOS/Source/portable/GCC/ARM_CM7/r0p1/port.o
 .data._impure_ptr
                0x0000000020001040        0x4 c:/st/stm32cubeide_1.5.1/stm32cubeide/plugins/com.st.stm32cube.ide.mcu.externaltools.gnu-tools-for-stm32.7-2018-q2-update.win32_1.5.0.202011040924/tools/bin/../lib/gcc/arm-none-eabi/7.3.1/../../../../arm-none-eabi/lib/thumb/v7e-m/fpv4-sp/hard\libc_nano.a(lib_a-impure.o)
                0x0000000020001040                _impure_ptr
 .data.impure_data
                0x0000000020001044       0x60 c:/st/stm32cubeide_1.5.1/stm32cubeide/plugins/com.st.stm32cube.ide.mcu.externaltools.gnu-tools-for-stm32.7-2018-q2-update.win32_1.5.0.202011040924/tools/bin/../lib/gcc/arm-none-eabi/7.3.1/../../../../arm-none-eabi/lib/thumb/v7e-m/fpv4-sp/hard\libc_nano.a(lib_a-impure.o)
 *(.RamFunc)
 *(.RamFunc*)
                0x00000000200010a4                . = ALIGN (0x4)
                0x00000000200010a4                _edata = .

.igot.plt       0x00000000200010a4        0x0 load address 0x00000000080123b8
 .igot.plt      0x00000000200010a4        0x0 c:/st/stm32cubeide_1.5.1/stm32cubeide/plugins/com.st.stm32cube.ide.mcu.externaltools.gnu-tools-for-stm32.7-2018-q2-update.win32_1.5.0.202011040924/tools/bin/../lib/gcc/arm-none-eabi/7.3.1/thumb/v7e-m/fpv4-sp/hard/crtbegin.o
                0x00000000200010a4                . = ALIGN (0x4)

.bss            0x00000000200010a4     0x8d2c load address 0x00000000080123b8
                0x00000000200010a4                _sbss = .
                0x00000000200010a4                __bss_start__ = _sbss
 *(.bss)
 .bss           0x00000000200010a4       0x1c c:/st/stm32cubeide_1.5.1/stm32cubeide/plugins/com.st.stm32cube.ide.mcu.externaltools.gnu-tools-for-stm32.7-2018-q2-update.win32_1.5.0.202011040924/tools/bin/../lib/gcc/arm-none-eabi/7.3.1/thumb/v7e-m/fpv4-sp/hard/crtbegin.o
 *(.bss*)
 .bss.xIdleTaskTCBBuffer
                0x00000000200010c0       0x58 Core/Src/freertos.o
 .bss.xIdleStack
                0x0000000020001118      0x200 Core/Src/freertos.o
 .bss.ft5336_handle
                0x0000000020001318        0x3 Core/Src/ft5336.o
 *fill*         0x000000002000131b        0x1 
 .bss.coord.5529
                0x000000002000131c        0x2 Core/Src/ft5336.o
 *fill*         0x000000002000131e        0x2 
 .bss.TS_State.12587
                0x0000000020001320       0x2c Core/Src/main.o
 .bss.TS_State.12868
                0x000000002000134c       0x2c Core/Src/main.o
 .bss.TS_State.12930
                0x0000000020001378       0x2c Core/Src/main.o
 .bss.hI2cAudioHandler
                0x00000000200013a4       0x4c Core/Src/stm32746g_discovery.o
 .bss.hDma2dHandler
                0x00000000200013f0       0x40 Core/Src/stm32746g_discovery_lcd.o
 .bss.ActiveLayer
                0x0000000020001430        0x4 Core/Src/stm32746g_discovery_lcd.o
 .bss.DrawProp  0x0000000020001434       0x18 Core/Src/stm32746g_discovery_lcd.o
 .bss.periph_clk_init_struct.10379
                0x000000002000144c       0x84 Core/Src/stm32746g_discovery_lcd.o
 .bss.Timing    0x00000000200014d0       0x1c Core/Src/stm32746g_discovery_sdram.o
 .bss.Command   0x00000000200014ec       0x10 Core/Src/stm32746g_discovery_sdram.o
 .bss.dma_handle.9828
                0x00000000200014fc       0x60 Core/Src/stm32746g_discovery_sdram.o
 .bss.tsDriver  0x000000002000155c        0x4 Core/Src/stm32746g_discovery_ts.o
 .bss.tsXBoundary
                0x0000000020001560        0x2 Core/Src/stm32746g_discovery_ts.o
 .bss.tsYBoundary
                0x0000000020001562        0x2 Core/Src/stm32746g_discovery_ts.o
 .bss.tsOrientation
                0x0000000020001564        0x1 Core/Src/stm32746g_discovery_ts.o
 .bss.I2cAddress
                0x0000000020001565        0x1 Core/Src/stm32746g_discovery_ts.o
 *fill*         0x0000000020001566        0x2 
 .bss._x.9944   0x0000000020001568       0x14 Core/Src/stm32746g_discovery_ts.o
 .bss._y.9945   0x000000002000157c       0x14 Core/Src/stm32746g_discovery_ts.o
 .bss.FMC_Initialized
                0x0000000020001590        0x4 Core/Src/stm32f7xx_hal_msp.o
 .bss.__sbrk_heap_end
                0x0000000020001594        0x4 Core/Src/sysmem.o
 .bss.pxCurrentTCB
                0x0000000020001598        0x4 Middlewares/Third_Party/FreeRTOS/Source/tasks.o
                0x0000000020001598                pxCurrentTCB
 .bss.pxReadyTasksLists
                0x000000002000159c       0x8c Middlewares/Third_Party/FreeRTOS/Source/tasks.o
 .bss.xDelayedTaskList1
                0x0000000020001628       0x14 Middlewares/Third_Party/FreeRTOS/Source/tasks.o
 .bss.xDelayedTaskList2
                0x000000002000163c       0x14 Middlewares/Third_Party/FreeRTOS/Source/tasks.o
 .bss.pxDelayedTaskList
                0x0000000020001650        0x4 Middlewares/Third_Party/FreeRTOS/Source/tasks.o
 .bss.pxOverflowDelayedTaskList
                0x0000000020001654        0x4 Middlewares/Third_Party/FreeRTOS/Source/tasks.o
 .bss.xPendingReadyList
                0x0000000020001658       0x14 Middlewares/Third_Party/FreeRTOS/Source/tasks.o
 .bss.xTasksWaitingTermination
                0x000000002000166c       0x14 Middlewares/Third_Party/FreeRTOS/Source/tasks.o
 .bss.uxDeletedTasksWaitingCleanUp
                0x0000000020001680        0x4 Middlewares/Third_Party/FreeRTOS/Source/tasks.o
 .bss.xSuspendedTaskList
                0x0000000020001684       0x14 Middlewares/Third_Party/FreeRTOS/Source/tasks.o
 .bss.uxCurrentNumberOfTasks
                0x0000000020001698        0x4 Middlewares/Third_Party/FreeRTOS/Source/tasks.o
 .bss.xTickCount
                0x000000002000169c        0x4 Middlewares/Third_Party/FreeRTOS/Source/tasks.o
 .bss.uxTopReadyPriority
                0x00000000200016a0        0x4 Middlewares/Third_Party/FreeRTOS/Source/tasks.o
 .bss.xSchedulerRunning
                0x00000000200016a4        0x4 Middlewares/Third_Party/FreeRTOS/Source/tasks.o
 .bss.uxPendedTicks
                0x00000000200016a8        0x4 Middlewares/Third_Party/FreeRTOS/Source/tasks.o
 .bss.xYieldPending
                0x00000000200016ac        0x4 Middlewares/Third_Party/FreeRTOS/Source/tasks.o
 .bss.xNumOfOverflows
                0x00000000200016b0        0x4 Middlewares/Third_Party/FreeRTOS/Source/tasks.o
 .bss.uxTaskNumber
                0x00000000200016b4        0x4 Middlewares/Third_Party/FreeRTOS/Source/tasks.o
 .bss.xNextTaskUnblockTime
                0x00000000200016b8        0x4 Middlewares/Third_Party/FreeRTOS/Source/tasks.o
 .bss.xIdleTaskHandle
                0x00000000200016bc        0x4 Middlewares/Third_Party/FreeRTOS/Source/tasks.o
 .bss.uxSchedulerSuspended
                0x00000000200016c0        0x4 Middlewares/Third_Party/FreeRTOS/Source/tasks.o
 .bss.ucMaxSysCallPriority
                0x00000000200016c4        0x1 Middlewares/Third_Party/FreeRTOS/Source/portable/GCC/ARM_CM7/r0p1/port.o
 *fill*         0x00000000200016c5        0x3 
 .bss.ulMaxPRIGROUPValue
                0x00000000200016c8        0x4 Middlewares/Third_Party/FreeRTOS/Source/portable/GCC/ARM_CM7/r0p1/port.o
 .bss.ucHeap    0x00000000200016cc     0x8000 Middlewares/Third_Party/FreeRTOS/Source/portable/MemMang/heap_4.o
 .bss.xStart    0x00000000200096cc        0x8 Middlewares/Third_Party/FreeRTOS/Source/portable/MemMang/heap_4.o
 .bss.pxEnd     0x00000000200096d4        0x4 Middlewares/Third_Party/FreeRTOS/Source/portable/MemMang/heap_4.o
 .bss.xFreeBytesRemaining
                0x00000000200096d8        0x4 Middlewares/Third_Party/FreeRTOS/Source/portable/MemMang/heap_4.o
 .bss.xMinimumEverFreeBytesRemaining
                0x00000000200096dc        0x4 Middlewares/Third_Party/FreeRTOS/Source/portable/MemMang/heap_4.o
 .bss.xBlockAllocatedBit
                0x00000000200096e0        0x4 Middlewares/Third_Party/FreeRTOS/Source/portable/MemMang/heap_4.o
 .bss.__malloc_free_list
                0x00000000200096e4        0x4 c:/st/stm32cubeide_1.5.1/stm32cubeide/plugins/com.st.stm32cube.ide.mcu.externaltools.gnu-tools-for-stm32.7-2018-q2-update.win32_1.5.0.202011040924/tools/bin/../lib/gcc/arm-none-eabi/7.3.1/../../../../arm-none-eabi/lib/thumb/v7e-m/fpv4-sp/hard\libc_nano.a(lib_a-nano-mallocr.o)
                0x00000000200096e4                __malloc_free_list
 .bss.__malloc_sbrk_start
                0x00000000200096e8        0x4 c:/st/stm32cubeide_1.5.1/stm32cubeide/plugins/com.st.stm32cube.ide.mcu.externaltools.gnu-tools-for-stm32.7-2018-q2-update.win32_1.5.0.202011040924/tools/bin/../lib/gcc/arm-none-eabi/7.3.1/../../../../arm-none-eabi/lib/thumb/v7e-m/fpv4-sp/hard\libc_nano.a(lib_a-nano-mallocr.o)
                0x00000000200096e8                __malloc_sbrk_start
 *(COMMON)
 COMMON         0x00000000200096ec      0x5be Core/Src/main.o
                0x00000000200096ec                defaultTaskHandle
                0x00000000200096f0                hi2c3
                0x000000002000973c                hspi2
                0x00000000200097a0                huart7
                0x0000000020009820                PeindreHandle
                0x0000000020009824                htim8
                0x0000000020009864                hi2c1
                0x00000000200098b0                myMutexLCDHandle
                0x00000000200098b4                htim5
                0x00000000200098f4                htim3
                0x0000000020009934                hltdc
                0x00000000200099dc                hadc1
                0x0000000020009a24                hadc3
                0x0000000020009a6c                huart1
                0x0000000020009aec                hdac
                0x0000000020009b00                couleur
                0x0000000020009b04                hrtc
                0x0000000020009b24                htim1
                0x0000000020009b64                huart6
                0x0000000020009be4                TaskEtatHandle
                0x0000000020009be8                hdma2d
                0x0000000020009c28                htim2
                0x0000000020009c68                hsdram1
                0x0000000020009c9c                ModeHandle
                0x0000000020009ca0                rxbuffer
 *fill*         0x0000000020009caa        0x2 
 COMMON         0x0000000020009cac       0xa8 Core/Src/stm32746g_discovery_lcd.o
                0x0000000020009cac                hLtdcHandler