main.c:158:5:main	232	static
main.c:319:6:SystemClock_Config	216	static
main.c:394:13:MX_ADC1_Init	24	static
main.c:444:13:MX_ADC3_Init	24	static
main.c:494:13:MX_DAC_Init	16	static
main.c:532:13:MX_DMA2D_Init	8	static
main.c:569:13:MX_I2C1_Init	8	static
main.c:615:13:MX_I2C3_Init	8	static
main.c:661:13:MX_LTDC_Init	64	static
main.c:723:13:MX_RTC_Init	80	static
main.c:815:13:MX_SPI2_Init	8	static
main.c:855:13:MX_TIM1_Init	40	static
main.c:902:13:MX_TIM2_Init	40	static
main.c:947:13:MX_TIM3_Init	88	static
main.c:1013:13:MX_TIM5_Init	40	static
main.c:1058:13:MX_TIM8_Init	112	static
main.c:1137:13:MX_UART7_Init	8	static
main.c:1172:13:MX_USART1_UART_Init	8	static
main.c:1207:13:MX_USART6_UART_Init	8	static
main.c:1238:13:MX_FMC_Init	40	static
main.c:1289:13:MX_GPIO_Init	72	static
main.c:1476:6:HAL_UART_RxCpltCallback	16	static
main.c:1486:6:HAL_GPIO_EXTI_Callback	16	static
main.c:1497:6:TestConditionBord	24	static
main.c:1509:6:LCD_PAINTBRUSH	16	static
main.c:1524:6:LCD_PAINTBRUSH_SAMPLE	32	static
main.c:1549:6:AfficheTonalite	64	static
main.c:1616:6:AfficheLuminosite	32	static
main.c:1638:6:AfficheSaturation	32	static
main.c:1661:10:FindCouleur	64	static
main.c:1718:7:FindTonalite	24	static
main.c:1729:7:FindLuminosite	16	static
main.c:1737:7:FindSaturation	16	static
main.c:1742:7:modulo	24	static
main.c:1749:7:absolu	16	static
main.c:1763:6:StartDefaultTask	16	static
main.c:1781:6:StartMode	312	static
main.c:2219:6:StartPeindre	24	static
main.c:2252:6:StartTaskEtat	40	static
main.c:2322:6:HAL_TIM_PeriodElapsedCallback	16	static
main.c:2339:6:Error_Handler	4	static,ignoring_inline_asm
