main.c:160:5:main	232	static
main.c:321:6:SystemClock_Config	216	static
main.c:396:13:MX_ADC1_Init	24	static
main.c:446:13:MX_ADC3_Init	24	static
main.c:496:13:MX_DAC_Init	16	static
main.c:534:13:MX_DMA2D_Init	8	static
main.c:571:13:MX_I2C1_Init	8	static
main.c:617:13:MX_I2C3_Init	8	static
main.c:663:13:MX_LTDC_Init	64	static
main.c:725:13:MX_RTC_Init	80	static
main.c:817:13:MX_SPI2_Init	8	static
main.c:857:13:MX_TIM1_Init	40	static
main.c:904:13:MX_TIM2_Init	40	static
main.c:949:13:MX_TIM3_Init	88	static
main.c:1015:13:MX_TIM5_Init	40	static
main.c:1060:13:MX_TIM8_Init	112	static
main.c:1139:13:MX_UART7_Init	8	static
main.c:1174:13:MX_USART1_UART_Init	8	static
main.c:1209:13:MX_USART6_UART_Init	8	static
main.c:1240:13:MX_FMC_Init	40	static
main.c:1291:13:MX_GPIO_Init	72	static
main.c:1481:6:HAL_UART_RxCpltCallback	16	static
main.c:1491:6:HAL_GPIO_EXTI_Callback	16	static
main.c:1506:6:TestConditionBord	24	static
main.c:1518:6:LCD_PAINTBRUSH	24	static
main.c:1551:6:LCD_PAINTBRUSH_SAMPLE	40	static
main.c:1586:6:AfficheTonalite	64	static
main.c:1653:6:AfficheLuminosite	32	static
main.c:1675:6:AfficheSaturation	32	static
main.c:1698:10:FindCouleur	64	static
main.c:1755:7:FindTonalite	24	static
main.c:1766:7:FindLuminosite	16	static
main.c:1774:7:FindSaturation	16	static
main.c:1779:7:modulo	24	static
main.c:1786:7:absolu	16	static
main.c:1800:6:StartDefaultTask	16	static
main.c:1818:6:StartMode	304	static
main.c:2274:6:StartPeindre	16	static
main.c:2304:6:StartTaskEtat	40	static
main.c:2378:6:HAL_TIM_PeriodElapsedCallback	16	static
main.c:2395:6:Error_Handler	4	static,ignoring_inline_asm
